Archive member included to satisfy reference by file (symbol)

/opt/st/stm32cubeide_1.13.2/plugins/com.st.stm32cube.ide.mcu.externaltools.gnu-tools-for-stm32.11.3.rel1.linux64_1.1.1.202309131626/tools/bin/../lib/gcc/arm-none-eabi/11.3.1/../../../../arm-none-eabi/lib/thumb/v7e-m+fp/hard/libc_nano.a(libc_a-exit.o)
                              /opt/st/stm32cubeide_1.13.2/plugins/com.st.stm32cube.ide.mcu.externaltools.gnu-tools-for-stm32.11.3.rel1.linux64_1.1.1.202309131626/tools/bin/../lib/gcc/arm-none-eabi/11.3.1/../../../../arm-none-eabi/lib/thumb/v7e-m+fp/hard/crt0.o (exit)
/opt/st/stm32cubeide_1.13.2/plugins/com.st.stm32cube.ide.mcu.externaltools.gnu-tools-for-stm32.11.3.rel1.linux64_1.1.1.202309131626/tools/bin/../lib/gcc/arm-none-eabi/11.3.1/../../../../arm-none-eabi/lib/thumb/v7e-m+fp/hard/libc_nano.a(libc_a-findfp.o)
                              /opt/st/stm32cubeide_1.13.2/plugins/com.st.stm32cube.ide.mcu.externaltools.gnu-tools-for-stm32.11.3.rel1.linux64_1.1.1.202309131626/tools/bin/../lib/gcc/arm-none-eabi/11.3.1/../../../../arm-none-eabi/lib/thumb/v7e-m+fp/hard/libc_nano.a(libc_a-exit.o) (__stdio_exit_handler)
/opt/st/stm32cubeide_1.13.2/plugins/com.st.stm32cube.ide.mcu.externaltools.gnu-tools-for-stm32.11.3.rel1.linux64_1.1.1.202309131626/tools/bin/../lib/gcc/arm-none-eabi/11.3.1/../../../../arm-none-eabi/lib/thumb/v7e-m+fp/hard/libc_nano.a(libc_a-fwalk.o)
                              /opt/st/stm32cubeide_1.13.2/plugins/com.st.stm32cube.ide.mcu.externaltools.gnu-tools-for-stm32.11.3.rel1.linux64_1.1.1.202309131626/tools/bin/../lib/gcc/arm-none-eabi/11.3.1/../../../../arm-none-eabi/lib/thumb/v7e-m+fp/hard/libc_nano.a(libc_a-findfp.o) (_fwalk_sglue)
/opt/st/stm32cubeide_1.13.2/plugins/com.st.stm32cube.ide.mcu.externaltools.gnu-tools-for-stm32.11.3.rel1.linux64_1.1.1.202309131626/tools/bin/../lib/gcc/arm-none-eabi/11.3.1/../../../../arm-none-eabi/lib/thumb/v7e-m+fp/hard/libc_nano.a(libc_a-stdio.o)
                              /opt/st/stm32cubeide_1.13.2/plugins/com.st.stm32cube.ide.mcu.externaltools.gnu-tools-for-stm32.11.3.rel1.linux64_1.1.1.202309131626/tools/bin/../lib/gcc/arm-none-eabi/11.3.1/../../../../arm-none-eabi/lib/thumb/v7e-m+fp/hard/libc_nano.a(libc_a-findfp.o) (__sread)
/opt/st/stm32cubeide_1.13.2/plugins/com.st.stm32cube.ide.mcu.externaltools.gnu-tools-for-stm32.11.3.rel1.linux64_1.1.1.202309131626/tools/bin/../lib/gcc/arm-none-eabi/11.3.1/../../../../arm-none-eabi/lib/thumb/v7e-m+fp/hard/libc_nano.a(libc_a-memset.o)
                              /opt/st/stm32cubeide_1.13.2/plugins/com.st.stm32cube.ide.mcu.externaltools.gnu-tools-for-stm32.11.3.rel1.linux64_1.1.1.202309131626/tools/bin/../lib/gcc/arm-none-eabi/11.3.1/../../../../arm-none-eabi/lib/thumb/v7e-m+fp/hard/crt0.o (memset)
/opt/st/stm32cubeide_1.13.2/plugins/com.st.stm32cube.ide.mcu.externaltools.gnu-tools-for-stm32.11.3.rel1.linux64_1.1.1.202309131626/tools/bin/../lib/gcc/arm-none-eabi/11.3.1/../../../../arm-none-eabi/lib/thumb/v7e-m+fp/hard/libc_nano.a(libc_a-closer.o)
                              /opt/st/stm32cubeide_1.13.2/plugins/com.st.stm32cube.ide.mcu.externaltools.gnu-tools-for-stm32.11.3.rel1.linux64_1.1.1.202309131626/tools/bin/../lib/gcc/arm-none-eabi/11.3.1/../../../../arm-none-eabi/lib/thumb/v7e-m+fp/hard/libc_nano.a(libc_a-stdio.o) (_close_r)
/opt/st/stm32cubeide_1.13.2/plugins/com.st.stm32cube.ide.mcu.externaltools.gnu-tools-for-stm32.11.3.rel1.linux64_1.1.1.202309131626/tools/bin/../lib/gcc/arm-none-eabi/11.3.1/../../../../arm-none-eabi/lib/thumb/v7e-m+fp/hard/libc_nano.a(libc_a-reent.o)
                              /opt/st/stm32cubeide_1.13.2/plugins/com.st.stm32cube.ide.mcu.externaltools.gnu-tools-for-stm32.11.3.rel1.linux64_1.1.1.202309131626/tools/bin/../lib/gcc/arm-none-eabi/11.3.1/../../../../arm-none-eabi/lib/thumb/v7e-m+fp/hard/libc_nano.a(libc_a-closer.o) (errno)
/opt/st/stm32cubeide_1.13.2/plugins/com.st.stm32cube.ide.mcu.externaltools.gnu-tools-for-stm32.11.3.rel1.linux64_1.1.1.202309131626/tools/bin/../lib/gcc/arm-none-eabi/11.3.1/../../../../arm-none-eabi/lib/thumb/v7e-m+fp/hard/libc_nano.a(libc_a-impure.o)
                              /opt/st/stm32cubeide_1.13.2/plugins/com.st.stm32cube.ide.mcu.externaltools.gnu-tools-for-stm32.11.3.rel1.linux64_1.1.1.202309131626/tools/bin/../lib/gcc/arm-none-eabi/11.3.1/../../../../arm-none-eabi/lib/thumb/v7e-m+fp/hard/libc_nano.a(libc_a-reent.o) (_impure_ptr)
/opt/st/stm32cubeide_1.13.2/plugins/com.st.stm32cube.ide.mcu.externaltools.gnu-tools-for-stm32.11.3.rel1.linux64_1.1.1.202309131626/tools/bin/../lib/gcc/arm-none-eabi/11.3.1/../../../../arm-none-eabi/lib/thumb/v7e-m+fp/hard/libc_nano.a(libc_a-lseekr.o)
                              /opt/st/stm32cubeide_1.13.2/plugins/com.st.stm32cube.ide.mcu.externaltools.gnu-tools-for-stm32.11.3.rel1.linux64_1.1.1.202309131626/tools/bin/../lib/gcc/arm-none-eabi/11.3.1/../../../../arm-none-eabi/lib/thumb/v7e-m+fp/hard/libc_nano.a(libc_a-stdio.o) (_lseek_r)
[...]
Memory Configuration

Name             Origin             Length             Attributes
RAM              0x0000000020000000 0x0000000000040000 xrw
FLASH            0x0000000008000000 0x0000000000100000 xr
*default*        0x0000000000000000 0xffffffffffffffff

Linker script and memory map

LOAD /opt/st/stm32cubeide_1.13.2/plugins/com.st.stm32cube.ide.mcu.externaltools.gnu-tools-for-stm32.11.3.rel1.linux64_1.1.1.202309131626/tools/bin/../lib/gcc/arm-none-eabi/11.3.1/thumb/v7e-m+fp/hard/crti.o
LOAD /opt/st/stm32cubeide_1.13.2/plugins/com.st.stm32cube.ide.mcu.externaltools.gnu-tools-for-stm32.11.3.rel1.linux64_1.1.1.202309131626/tools/bin/../lib/gcc/arm-none-eabi/11.3.1/thumb/v7e-m+fp/hard/crtbegin.o
LOAD /opt/st/stm32cubeide_1.13.2/plugins/com.st.stm32cube.ide.mcu.externaltools.gnu-tools-for-stm32.11.3.rel1.linux64_1.1.1.202309131626/tools/bin/../lib/gcc/arm-none-eabi/11.3.1/../../../../arm-none-eabi/lib/thumb/v7e-m+fp/hard/crt0.o
LOAD ./Core/Src/freertos.o
LOAD ./Core/Src/main.o
LOAD ./Core/Src/stm32f4xx_hal_msp.o
LOAD ./Core/Src/stm32f4xx_hal_timebase_tim.o
LOAD ./Core/Src/stm32f4xx_it.o
LOAD ./Core/Src/syscalls.o
LOAD ./Core/Src/sysmem.o
LOAD ./Core/Src/system_stm32f4xx.o
LOAD ./Core/Src/usb_descriptors.o
LOAD ./Core/Startup/startup_stm32f412zgtx.o
LOAD ./Drivers/STM32F4xx_HAL_Driver/Src/stm32f4xx_hal.o
LOAD ./Drivers/STM32F4xx_HAL_Driver/Src/stm32f4xx_hal_cortex.o
LOAD ./Drivers/STM32F4xx_HAL_Driver/Src/stm32f4xx_hal_dma.o
LOAD ./Drivers/STM32F4xx_HAL_Driver/Src/stm32f4xx_hal_dma_ex.o
LOAD ./Drivers/STM32F4xx_HAL_Driver/Src/stm32f4xx_hal_exti.o
LOAD ./Drivers/STM32F4xx_HAL_Driver/Src/stm32f4xx_hal_flash.o
LOAD ./Drivers/STM32F4xx_HAL_Driver/Src/stm32f4xx_hal_flash_ex.o
LOAD ./Drivers/STM32F4xx_HAL_Driver/Src/stm32f4xx_hal_flash_ramfunc.o
LOAD ./Drivers/STM32F4xx_HAL_Driver/Src/stm32f4xx_hal_gpio.o
LOAD ./Drivers/STM32F4xx_HAL_Driver/Src/stm32f4xx_hal_pcd.o
LOAD ./Drivers/STM32F4xx_HAL_Driver/Src/stm32f4xx_hal_pcd_ex.o
LOAD ./Drivers/STM32F4xx_HAL_Driver/Src/stm32f4xx_hal_pwr.o
LOAD ./Drivers/STM32F4xx_HAL_Driver/Src/stm32f4xx_hal_pwr_ex.o
LOAD ./Drivers/STM32F4xx_HAL_Driver/Src/stm32f4xx_hal_rcc.o
LOAD ./Drivers/STM32F4xx_HAL_Driver/Src/stm32f4xx_hal_rcc_ex.o
LOAD ./Drivers/STM32F4xx_HAL_Driver/Src/stm32f4xx_hal_tim.o
LOAD ./Drivers/STM32F4xx_HAL_Driver/Src/stm32f4xx_hal_tim_ex.o
LOAD ./Drivers/STM32F4xx_HAL_Driver/Src/stm32f4xx_ll_usb.o
LOAD ./Middlewares/Third_Party/FreeRTOS/Source/CMSIS_RTOS_V2/cmsis_os2.o
LOAD ./Middlewares/Third_Party/FreeRTOS/Source/croutine.o
LOAD ./Middlewares/Third_Party/FreeRTOS/Source/event_groups.o
LOAD ./Middlewares/Third_Party/FreeRTOS/Source/list.o
LOAD ./Middlewares/Third_Party/FreeRTOS/Source/queue.o
LOAD ./Middlewares/Third_Party/FreeRTOS/Source/stream_buffer.o
LOAD ./Middlewares/Third_Party/FreeRTOS/Source/tasks.o
LOAD ./Middlewares/Third_Party/FreeRTOS/Source/timers.o
LOAD ./Middlewares/Third_Party/FreeRTOS/Source/portable/GCC/ARM_CM4F/port.o
LOAD ./Middlewares/Third_Party/FreeRTOS/Source/portable/MemMang/heap_4.o
LOAD ./tinyusb/src/class/audio/audio_device.o
LOAD ./tinyusb/src/class/bth/bth_device.o
LOAD ./tinyusb/src/class/cdc/cdc_device.o
LOAD ./tinyusb/src/class/cdc/cdc_host.o
LOAD ./tinyusb/src/class/cdc/cdc_rndis_host.o
LOAD ./tinyusb/src/class/dfu/dfu_device.o
LOAD ./tinyusb/src/class/dfu/dfu_rt_device.o
LOAD ./tinyusb/src/class/hid/hid_device.o
LOAD ./tinyusb/src/class/hid/hid_host.o
LOAD ./tinyusb/src/class/midi/midi_device.o
LOAD ./tinyusb/src/class/msc/msc_device.o
LOAD ./tinyusb/src/class/msc/msc_host.o
LOAD ./tinyusb/src/class/net/ecm_rndis_device.o
LOAD ./tinyusb/src/class/net/ncm_device.o
LOAD ./tinyusb/src/class/usbtmc/usbtmc_device.o
LOAD ./tinyusb/src/class/vendor/vendor_device.o
LOAD ./tinyusb/src/class/vendor/vendor_host.o
LOAD ./tinyusb/src/class/video/video_device.o
LOAD ./tinyusb/src/common/tusb_fifo.o
LOAD ./tinyusb/src/device/usbd.o
LOAD ./tinyusb/src/device/usbd_control.o
LOAD ./tinyusb/src/host/hub.o
LOAD ./tinyusb/src/host/usbh.o
LOAD ./tinyusb/src/portable/analog/max3421/hcd_max3421.o
LOAD ./tinyusb/src/portable/bridgetek/ft9xx/dcd_ft9xx.o
LOAD ./tinyusb/src/portable/chipidea/ci_fs/dcd_ci_fs.o
LOAD ./tinyusb/src/portable/chipidea/ci_hs/dcd_ci_hs.o
LOAD ./tinyusb/src/portable/chipidea/ci_hs/hcd_ci_hs.o
LOAD ./tinyusb/src/portable/dialog/da146xx/dcd_da146xx.o
LOAD ./tinyusb/src/portable/ehci/ehci.o
LOAD ./tinyusb/src/portable/espressif/esp32sx/dcd_esp32sx.o
LOAD ./tinyusb/src/portable/mentor/musb/dcd_musb.o
LOAD ./tinyusb/src/portable/mentor/musb/hcd_musb.o
LOAD ./tinyusb/src/portable/microchip/pic/dcd_pic.o
LOAD ./tinyusb/src/portable/microchip/pic32mz/dcd_pic32mz.o
LOAD ./tinyusb/src/portable/microchip/samd/dcd_samd.o
LOAD ./tinyusb/src/portable/microchip/samg/dcd_samg.o
LOAD ./tinyusb/src/portable/microchip/samx7x/dcd_samx7x.o
LOAD ./tinyusb/src/portable/mindmotion/mm32/dcd_mm32f327x_otg.o
LOAD ./tinyusb/src/portable/nordic/nrf5x/dcd_nrf5x.o
LOAD ./tinyusb/src/portable/nuvoton/nuc120/dcd_nuc120.o
LOAD ./tinyusb/src/portable/nuvoton/nuc121/dcd_nuc121.o
LOAD ./tinyusb/src/portable/nuvoton/nuc505/dcd_nuc505.o
LOAD ./tinyusb/src/portable/nxp/khci/dcd_khci.o
LOAD ./tinyusb/src/portable/nxp/khci/hcd_khci.o
LOAD ./tinyusb/src/portable/nxp/lpc17_40/dcd_lpc17_40.o
LOAD ./tinyusb/src/portable/nxp/lpc17_40/hcd_lpc17_40.o
LOAD ./tinyusb/src/portable/nxp/lpc_ip3511/dcd_lpc_ip3511.o
LOAD ./tinyusb/src/portable/ohci/ohci.o
LOAD ./tinyusb/src/portable/raspberrypi/pio_usb/dcd_pio_usb.o
LOAD ./tinyusb/src/portable/raspberrypi/pio_usb/hcd_pio_usb.o
LOAD ./tinyusb/src/portable/raspberrypi/rp2040/dcd_rp2040.o
LOAD ./tinyusb/src/portable/raspberrypi/rp2040/hcd_rp2040.o
LOAD ./tinyusb/src/portable/raspberrypi/rp2040/rp2040_usb.o
LOAD ./tinyusb/src/portable/renesas/rusb2/dcd_rusb2.o
LOAD ./tinyusb/src/portable/renesas/rusb2/hcd_rusb2.o
LOAD ./tinyusb/src/portable/renesas/rusb2/rusb2_common.o
LOAD ./tinyusb/src/portable/sony/cxd56/dcd_cxd56.o
LOAD ./tinyusb/src/portable/st/stm32_fsdev/dcd_stm32_fsdev.o
LOAD ./tinyusb/src/portable/st/typec/typec_stm32.o
LOAD ./tinyusb/src/portable/sunxi/dcd_sunxi_musb.o
LOAD ./tinyusb/src/portable/synopsys/dwc2/dcd_dwc2.o
LOAD ./tinyusb/src/portable/template/dcd_template.o
LOAD ./tinyusb/src/portable/template/hcd_template.o
LOAD ./tinyusb/src/portable/ti/msp430x5xx/dcd_msp430x5xx.o
LOAD ./tinyusb/src/portable/valentyusb/eptri/dcd_eptri.o
LOAD ./tinyusb/src/portable/wch/dcd_ch32_usbhs.o
LOAD ./tinyusb/src/tusb.o
LOAD ./tinyusb/src/typec/usbc.o
START GROUP
LOAD /opt/st/stm32cubeide_1.13.2/plugins/com.st.stm32cube.ide.mcu.externaltools.gnu-tools-for-stm32.11.3.rel1.linux64_1.1.1.202309131626/tools/bin/../lib/gcc/arm-none-eabi/11.3.1/../../../../arm-none-eabi/lib/thumb/v7e-m+fp/hard/libc_nano.a
LOAD /opt/st/stm32cubeide_1.13.2/plugins/com.st.stm32cube.ide.mcu.externaltools.gnu-tools-for-stm32.11.3.rel1.linux64_1.1.1.202309131626/tools/bin/../lib/gcc/arm-none-eabi/11.3.1/../../../../arm-none-eabi/lib/thumb/v7e-m+fp/hard/libm.a
END GROUP
START GROUP
LOAD /opt/st/stm32cubeide_1.13.2/plugins/com.st.stm32cube.ide.mcu.externaltools.gnu-tools-for-stm32.11.3.rel1.linux64_1.1.1.202309131626/tools/bin/../lib/gcc/arm-none-eabi/11.3.1/thumb/v7e-m+fp/hard/libgcc.a
LOAD /opt/st/stm32cubeide_1.13.2/plugins/com.st.stm32cube.ide.mcu.externaltools.gnu-tools-for-stm32.11.3.rel1.linux64_1.1.1.202309131626/tools/bin/../lib/gcc/arm-none-eabi/11.3.1/../../../../arm-none-eabi/lib/thumb/v7e-m+fp/hard/libc_nano.a
END GROUP
START GROUP
LOAD /opt/st/stm32cubeide_1.13.2/plugins/com.st.stm32cube.ide.mcu.externaltools.gnu-tools-for-stm32.11.3.rel1.linux64_1.1.1.202309131626/tools/bin/../lib/gcc/arm-none-eabi/11.3.1/thumb/v7e-m+fp/hard/libgcc.a
LOAD /opt/st/stm32cubeide_1.13.2/plugins/com.st.stm32cube.ide.mcu.externaltools.gnu-tools-for-stm32.11.3.rel1.linux64_1.1.1.202309131626/tools/bin/../lib/gcc/arm-none-eabi/11.3.1/../../../../arm-none-eabi/lib/thumb/v7e-m+fp/hard/libc_nano.a
LOAD /opt/st/stm32cubeide_1.13.2/plugins/com.st.stm32cube.ide.mcu.externaltools.gnu-tools-for-stm32.11.3.rel1.linux64_1.1.1.202309131626/tools/bin/../lib/gcc/arm-none-eabi/11.3.1/../../../../arm-none-eabi/lib/thumb/v7e-m+fp/hard/libnosys.a
END GROUP
START GROUP
LOAD /opt/st/stm32cubeide_1.13.2/plugins/com.st.stm32cube.ide.mcu.externaltools.gnu-tools-for-stm32.11.3.rel1.linux64_1.1.1.202309131626/tools/bin/../lib/gcc/arm-none-eabi/11.3.1/thumb/v7e-m+fp/hard/libgcc.a
LOAD /opt/st/stm32cubeide_1.13.2/plugins/com.st.stm32cube.ide.mcu.externaltools.gnu-tools-for-stm32.11.3.rel1.linux64_1.1.1.202309131626/tools/bin/../lib/gcc/arm-none-eabi/11.3.1/../../../../arm-none-eabi/lib/thumb/v7e-m+fp/hard/libc_nano.a
LOAD /opt/st/stm32cubeide_1.13.2/plugins/com.st.stm32cube.ide.mcu.externaltools.gnu-tools-for-stm32.11.3.rel1.linux64_1.1.1.202309131626/tools/bin/../lib/gcc/arm-none-eabi/11.3.1/../../../../arm-none-eabi/lib/thumb/v7e-m+fp/hard/libnosys.a
END GROUP
LOAD /opt/st/stm32cubeide_1.13.2/plugins/com.st.stm32cube.ide.mcu.externaltools.gnu-tools-for-stm32.11.3.rel1.linux64_1.1.1.202309131626/tools/bin/../lib/gcc/arm-none-eabi/11.3.1/thumb/v7e-m+fp/hard/crtend.o
LOAD /opt/st/stm32cubeide_1.13.2/plugins/com.st.stm32cube.ide.mcu.externaltools.gnu-tools-for-stm32.11.3.rel1.linux64_1.1.1.202309131626/tools/bin/../lib/gcc/arm-none-eabi/11.3.1/thumb/v7e-m+fp/hard/crtn.o
                0x0000000020040000                _estack = (ORIGIN (RAM) + LENGTH (RAM))
                0x0000000000000200                _Min_Heap_Size = 0x200
                0x0000000000000400                _Min_Stack_Size = 0x400

.isr_vector     0x0000000008000000      0x1c4
                0x0000000008000000                . = ALIGN (0x4)
 *(.isr_vector)
 .isr_vector    0x0000000008000000      0x1c4 ./Core/Startup/startup_stm32f412zgtx.o
                0x0000000008000000                g_pfnVectors
                0x00000000080001c4                . = ALIGN (0x4)

.text           0x00000000080001d0     0xacf8
                0x00000000080001d0                . = ALIGN (0x4)
 *(.text)
 .text          0x00000000080001d0       0x40 /opt/st/stm32cubeide_1.13.2/plugins/com.st.stm32cube.ide.mcu.externaltools.gnu-tools-for-stm32.11.3.rel1.linux64_1.1.1.202309131626/tools/bin/../lib/gcc/arm-none-eabi/11.3.1/thumb/v7e-m+fp/hard/crtbegin.o
 .text          0x0000000008000210       0x10 /opt/st/stm32cubeide_1.13.2/plugins/com.st.stm32cube.ide.mcu.externaltools.gnu-tools-for-stm32.11.3.rel1.linux64_1.1.1.202309131626/tools/bin/../lib/gcc/arm-none-eabi/11.3.1/../../../../arm-none-eabi/lib/thumb/v7e-m+fp/hard/libc_nano.a(libc_a-strlen.o)
                0x0000000008000210                strlen
 .text          0x0000000008000220       0x30 /opt/st/stm32cubeide_1.13.2/plugins/com.st.stm32cube.ide.mcu.externaltools.gnu-tools-for-stm32.11.3.rel1.linux64_1.1.1.202309131626/tools/bin/../lib/gcc/arm-none-eabi/11.3.1/thumb/v7e-m+fp/hard/libgcc.a(_aeabi_uldivmod.o)
                0x0000000008000220                __aeabi_uldivmod
 .text          0x0000000008000250      0x2c8 /opt/st/stm32cubeide_1.13.2/plugins/com.st.stm32cube.ide.mcu.externaltools.gnu-tools-for-stm32.11.3.rel1.linux64_1.1.1.202309131626/tools/bin/../lib/gcc/arm-none-eabi/11.3.1/thumb/v7e-m+fp/hard/libgcc.a(_udivmoddi4.o)
                0x0000000008000250                __udivmoddi4
 .text          0x0000000008000518        0x4 /opt/st/stm32cubeide_1.13.2/plugins/com.st.stm32cube.ide.mcu.externaltools.gnu-tools-for-stm32.11.3.rel1.linux64_1.1.1.202309131626/tools/bin/../lib/gcc/arm-none-eabi/11.3.1/thumb/v7e-m+fp/hard/libgcc.a(_dvmd_tls.o)
                0x0000000008000518                __aeabi_ldiv0
                0x0000000008000518                __aeabi_idiv0
 *(.text*)
 .text.main     0x000000000800051c       0x5c ./Core/Src/main.o
                0x000000000800051c                main
 .text.SystemClock_Config
                0x0000000008000578       0xe8 ./Core/Src/main.o
                0x0000000008000578                SystemClock_Config
 .text.MX_USB_OTG_FS_PCD_Init
                0x0000000008000660       0x60 ./Core/Src/main.o
 .text.MX_GPIO_Init
                0x00000000080006c0      0x540 ./Core/Src/main.o
 .text.HAL_GPIO_EXTI_Callback
                0x0000000008000c00       0x54 ./Core/Src/main.o
                0x0000000008000c00                HAL_GPIO_EXTI_Callback
 .text.usb_device_task
                0x0000000008000c54       0x1c ./Core/Src/main.o
 .text.StartDefaultTask
                0x0000000008000c70       0x10 ./Core/Src/main.o
                0x0000000008000c70                StartDefaultTask
 .text.HAL_TIM_PeriodElapsedCallback
                0x0000000008000c80       0x24 ./Core/Src/main.o
                0x0000000008000c80                HAL_TIM_PeriodElapsedCallback
 .text.Error_Handler
                0x0000000008000ca4        0xa ./Core/Src/main.o
                0x0000000008000ca4                Error_Handler
 *fill*         0x0000000008000cae        0x2 
 .text.HAL_MspInit
                0x0000000008000cb0       0x58 ./Core/Src/stm32f4xx_hal_msp.o
                0x0000000008000cb0                HAL_MspInit
 .text.HAL_PCD_MspInit
                0x0000000008000d08       0xd4 ./Core/Src/stm32f4xx_hal_msp.o
                0x0000000008000d08                HAL_PCD_MspInit
 .text.HAL_InitTick
                0x0000000008000ddc       0xe4 ./Core/Src/stm32f4xx_hal_timebase_tim.o
                0x0000000008000ddc                HAL_InitTick
 .text.NMI_Handler
                0x0000000008000ec0        0x6 ./Core/Src/stm32f4xx_it.o
                0x0000000008000ec0                NMI_Handler
 .text.HardFault_Handler
                0x0000000008000ec6        0x6 ./Core/Src/stm32f4xx_it.o
                0x0000000008000ec6                HardFault_Handler
 .text.MemManage_Handler
                0x0000000008000ecc        0x6 ./Core/Src/stm32f4xx_it.o
                0x0000000008000ecc                MemManage_Handler
 .text.BusFault_Handler
                0x0000000008000ed2        0x6 ./Core/Src/stm32f4xx_it.o
                0x0000000008000ed2                BusFault_Handler
 .text.UsageFault_Handler
                0x0000000008000ed8        0x6 ./Core/Src/stm32f4xx_it.o
                0x0000000008000ed8                UsageFault_Handler
 .text.DebugMon_Handler
                0x0000000008000ede        0xe ./Core/Src/stm32f4xx_it.o
                0x0000000008000ede                DebugMon_Handler
 .text.EXTI0_IRQHandler
                0x0000000008000eec        0xe ./Core/Src/stm32f4xx_it.o
                0x0000000008000eec                EXTI0_IRQHandler
 .text.EXTI1_IRQHandler
                0x0000000008000efa        0xe ./Core/Src/stm32f4xx_it.o
                0x0000000008000efa                EXTI1_IRQHandler
 .text.TIM1_UP_TIM10_IRQHandler
                0x0000000008000f08       0x14 ./Core/Src/stm32f4xx_it.o
                0x0000000008000f08                TIM1_UP_TIM10_IRQHandler
 .text.EXTI15_10_IRQHandler
                0x0000000008000f1c       0x18 ./Core/Src/stm32f4xx_it.o
                0x0000000008000f1c                EXTI15_10_IRQHandler
 .text.OTG_FS_IRQHandler
                0x0000000008000f34        0xe ./Core/Src/stm32f4xx_it.o
                0x0000000008000f34                OTG_FS_IRQHandler
 *fill*         0x0000000008000f42        0x2 
 .text.SystemInit
                0x0000000008000f44       0x24 ./Core/Src/system_stm32f4xx.o
                0x0000000008000f44                SystemInit
 .text.board_usb_get_serial
                0x0000000008000f68       0xd4 ./Core/Src/usb_descriptors.o
 .text.tud_descriptor_device_cb
                0x000000000800103c       0x14 ./Core/Src/usb_descriptors.o
                0x000000000800103c                tud_descriptor_device_cb
 .text.tud_descriptor_configuration_cb
                0x0000000008001050       0x1c ./Core/Src/usb_descriptors.o
                0x0000000008001050                tud_descriptor_configuration_cb
 .text.tud_descriptor_string_cb
                0x000000000800106c       0xc0 ./Core/Src/usb_descriptors.o
                0x000000000800106c                tud_descriptor_string_cb
 .text.Reset_Handler
                0x000000000800112c       0x50 ./Core/Startup/startup_stm32f412zgtx.o
                0x000000000800112c                Reset_Handler
 .text.Default_Handler
                0x000000000800117c        0x2 ./Core/Startup/startup_stm32f412zgtx.o
                0x000000000800117c                RTC_Alarm_IRQHandler
                0x000000000800117c                EXTI2_IRQHandler
                0x000000000800117c                TIM8_CC_IRQHandler
                0x000000000800117c                FMPI2C1_EV_IRQHandler
                0x000000000800117c                SPI4_IRQHandler
                0x000000000800117c                TIM1_CC_IRQHandler
                0x000000000800117c                DMA2_Stream5_IRQHandler
                0x000000000800117c                DMA1_Stream5_IRQHandler
                0x000000000800117c                TIM6_IRQHandler
                0x000000000800117c                PVD_IRQHandler
                0x000000000800117c                SDIO_IRQHandler
                0x000000000800117c                TAMP_STAMP_IRQHandler
                0x000000000800117c                CAN2_RX1_IRQHandler
                0x000000000800117c                EXTI3_IRQHandler
                0x000000000800117c                TIM8_TRG_COM_TIM14_IRQHandler
                0x000000000800117c                DFSDM1_FLT1_IRQHandler
                0x000000000800117c                TIM8_UP_TIM13_IRQHandler
                0x000000000800117c                I2C3_ER_IRQHandler
                0x000000000800117c                I2C2_EV_IRQHandler
                0x000000000800117c                DMA1_Stream2_IRQHandler
                0x000000000800117c                CAN1_RX0_IRQHandler
                0x000000000800117c                FPU_IRQHandler
                0x000000000800117c                CAN2_SCE_IRQHandler
                0x000000000800117c                DMA2_Stream2_IRQHandler
                0x000000000800117c                SPI1_IRQHandler
                0x000000000800117c                TIM1_BRK_TIM9_IRQHandler
                0x000000000800117c                CAN2_RX0_IRQHandler
                0x000000000800117c                DMA2_Stream3_IRQHandler
                0x000000000800117c                USART6_IRQHandler
                0x000000000800117c                USART3_IRQHandler
                0x000000000800117c                CAN1_RX1_IRQHandler
                0x000000000800117c                DMA2_Stream0_IRQHandler
                0x000000000800117c                TIM4_IRQHandler
                0x000000000800117c                QUADSPI_IRQHandler
                0x000000000800117c                I2C1_EV_IRQHandler
                0x000000000800117c                DMA1_Stream6_IRQHandler
                0x000000000800117c                DMA1_Stream1_IRQHandler
                0x000000000800117c                TIM3_IRQHandler
                0x000000000800117c                RCC_IRQHandler
                0x000000000800117c                TIM8_BRK_TIM12_IRQHandler
                0x000000000800117c                Default_Handler
                0x000000000800117c                ADC_IRQHandler
                0x000000000800117c                DMA1_Stream7_IRQHandler
                0x000000000800117c                SPI5_IRQHandler
                0x000000000800117c                TIM7_IRQHandler
                0x000000000800117c                CAN2_TX_IRQHandler
                0x000000000800117c                TIM5_IRQHandler
                0x000000000800117c                DMA2_Stream7_IRQHandler
                0x000000000800117c                I2C3_EV_IRQHandler
                0x000000000800117c                EXTI9_5_IRQHandler
                0x000000000800117c                RTC_WKUP_IRQHandler
                0x000000000800117c                SPI2_IRQHandler
                0x000000000800117c                DMA1_Stream0_IRQHandler
                0x000000000800117c                CAN1_TX_IRQHandler
                0x000000000800117c                FMPI2C1_ER_IRQHandler
                0x000000000800117c                EXTI4_IRQHandler
                0x000000000800117c                RNG_IRQHandler
                0x000000000800117c                WWDG_IRQHandler
                0x000000000800117c                TIM2_IRQHandler
                0x000000000800117c                OTG_FS_WKUP_IRQHandler
                0x000000000800117c                TIM1_TRG_COM_TIM11_IRQHandler
                0x000000000800117c                USART2_IRQHandler
                0x000000000800117c                DFSDM1_FLT0_IRQHandler
                0x000000000800117c                I2C2_ER_IRQHandler
                0x000000000800117c                DMA2_Stream1_IRQHandler
                0x000000000800117c                CAN1_SCE_IRQHandler
                0x000000000800117c                FLASH_IRQHandler
                0x000000000800117c                DMA2_Stream4_IRQHandler
                0x000000000800117c                USART1_IRQHandler
                0x000000000800117c                SPI3_IRQHandler
                0x000000000800117c                DMA1_Stream4_IRQHandler
                0x000000000800117c                I2C1_ER_IRQHandler
                0x000000000800117c                DMA2_Stream6_IRQHandler
                0x000000000800117c                DMA1_Stream3_IRQHandler
 *fill*         0x000000000800117e        0x2 
 .text.HAL_Init
                0x0000000008001180       0x44 ./Drivers/STM32F4xx_HAL_Driver/Src/stm32f4xx_hal.o
                0x0000000008001180                HAL_Init
 .text.HAL_IncTick
                0x00000000080011c4       0x28 ./Drivers/STM32F4xx_HAL_Driver/Src/stm32f4xx_hal.o
                0x00000000080011c4                HAL_IncTick
 .text.HAL_GetTick
                0x00000000080011ec       0x18 ./Drivers/STM32F4xx_HAL_Driver/Src/stm32f4xx_hal.o
                0x00000000080011ec                HAL_GetTick
 .text.HAL_Delay
                0x0000000008001204       0x48 ./Drivers/STM32F4xx_HAL_Driver/Src/stm32f4xx_hal.o
                0x0000000008001204                HAL_Delay
 .text.__NVIC_SetPriorityGrouping
                0x000000000800124c       0x48 ./Drivers/STM32F4xx_HAL_Driver/Src/stm32f4xx_hal_cortex.o
 .text.__NVIC_GetPriorityGrouping
                0x0000000008001294       0x1c ./Drivers/STM32F4xx_HAL_Driver/Src/stm32f4xx_hal_cortex.o
 .text.__NVIC_EnableIRQ
                0x00000000080012b0       0x3c ./Drivers/STM32F4xx_HAL_Driver/Src/stm32f4xx_hal_cortex.o
 .text.__NVIC_SetPriority
                0x00000000080012ec       0x54 ./Drivers/STM32F4xx_HAL_Driver/Src/stm32f4xx_hal_cortex.o
 .text.NVIC_EncodePriority
                0x0000000008001340       0x66 ./Drivers/STM32F4xx_HAL_Driver/Src/stm32f4xx_hal_cortex.o
 .text.HAL_NVIC_SetPriorityGrouping
                0x00000000080013a6       0x16 ./Drivers/STM32F4xx_HAL_Driver/Src/stm32f4xx_hal_cortex.o
                0x00000000080013a6                HAL_NVIC_SetPriorityGrouping
 .text.HAL_NVIC_SetPriority
                0x00000000080013bc       0x38 ./Drivers/STM32F4xx_HAL_Driver/Src/stm32f4xx_hal_cortex.o
                0x00000000080013bc                HAL_NVIC_SetPriority
 .text.HAL_NVIC_EnableIRQ
                0x00000000080013f4       0x1c ./Drivers/STM32F4xx_HAL_Driver/Src/stm32f4xx_hal_cortex.o
                0x00000000080013f4                HAL_NVIC_EnableIRQ
 .text.HAL_GPIO_Init
                0x0000000008001410      0x328 ./Drivers/STM32F4xx_HAL_Driver/Src/stm32f4xx_hal_gpio.o
                0x0000000008001410                HAL_GPIO_Init
 .text.HAL_GPIO_WritePin
                0x0000000008001738       0x32 ./Drivers/STM32F4xx_HAL_Driver/Src/stm32f4xx_hal_gpio.o
                0x0000000008001738                HAL_GPIO_WritePin
 .text.HAL_GPIO_TogglePin
                0x000000000800176a       0x34 ./Drivers/STM32F4xx_HAL_Driver/Src/stm32f4xx_hal_gpio.o
                0x000000000800176a                HAL_GPIO_TogglePin
 *fill*         0x000000000800179e        0x2 
 .text.HAL_GPIO_EXTI_IRQHandler
                0x00000000080017a0       0x30 ./Drivers/STM32F4xx_HAL_Driver/Src/stm32f4xx_hal_gpio.o
                0x00000000080017a0                HAL_GPIO_EXTI_IRQHandler
 .text.HAL_PCD_Init
                0x00000000080017d0      0x248 ./Drivers/STM32F4xx_HAL_Driver/Src/stm32f4xx_hal_pcd.o
                0x00000000080017d0                HAL_PCD_Init
 .text.HAL_PCDEx_ActivateLPM
                0x0000000008001a18       0x48 ./Drivers/STM32F4xx_HAL_Driver/Src/stm32f4xx_hal_pcd_ex.o
                0x0000000008001a18                HAL_PCDEx_ActivateLPM
 .text.HAL_RCC_ClockConfig
                0x0000000008001a60      0x1cc ./Drivers/STM32F4xx_HAL_Driver/Src/stm32f4xx_hal_rcc.o
                0x0000000008001a60                HAL_RCC_ClockConfig
 .text.HAL_RCC_MCOConfig
                0x0000000008001c2c       0xd0 ./Drivers/STM32F4xx_HAL_Driver/Src/stm32f4xx_hal_rcc.o
                0x0000000008001c2c                HAL_RCC_MCOConfig
 .text.HAL_RCC_GetSysClockFreq
                0x0000000008001cfc      0x20c ./Drivers/STM32F4xx_HAL_Driver/Src/stm32f4xx_hal_rcc.o
                0x0000000008001cfc                HAL_RCC_GetSysClockFreq
 .text.HAL_RCC_GetHCLKFreq
                0x0000000008001f08       0x18 ./Drivers/STM32F4xx_HAL_Driver/Src/stm32f4xx_hal_rcc.o
                0x0000000008001f08                HAL_RCC_GetHCLKFreq
 .text.HAL_RCC_GetPCLK2Freq
                0x0000000008001f20       0x28 ./Drivers/STM32F4xx_HAL_Driver/Src/stm32f4xx_hal_rcc.o
                0x0000000008001f20                HAL_RCC_GetPCLK2Freq
 .text.HAL_RCC_GetClockConfig
                0x0000000008001f48       0x64 ./Drivers/STM32F4xx_HAL_Driver/Src/stm32f4xx_hal_rcc.o
                0x0000000008001f48                HAL_RCC_GetClockConfig
 .text.HAL_RCCEx_PeriphCLKConfig
                0x0000000008001fac      0x39c ./Drivers/STM32F4xx_HAL_Driver/Src/stm32f4xx_hal_rcc_ex.o
                0x0000000008001fac                HAL_RCCEx_PeriphCLKConfig
 .text.HAL_RCC_OscConfig
                0x0000000008002348      0x508 ./Drivers/STM32F4xx_HAL_Driver/Src/stm32f4xx_hal_rcc_ex.o
                0x0000000008002348                HAL_RCC_OscConfig
 .text.HAL_TIM_Base_Init
                0x0000000008002850       0x9e ./Drivers/STM32F4xx_HAL_Driver/Src/stm32f4xx_hal_tim.o
                0x0000000008002850                HAL_TIM_Base_Init
 .text.HAL_TIM_Base_MspInit
                0x00000000080028ee       0x14 ./Drivers/STM32F4xx_HAL_Driver/Src/stm32f4xx_hal_tim.o
                0x00000000080028ee                HAL_TIM_Base_MspInit
 *fill*         0x0000000008002902        0x2 
 .text.HAL_TIM_Base_Start_IT
                0x0000000008002904       0xe0 ./Drivers/STM32F4xx_HAL_Driver/Src/stm32f4xx_hal_tim.o
                0x0000000008002904                HAL_TIM_Base_Start_IT
 .text.HAL_TIM_IRQHandler
                0x00000000080029e4      0x210 ./Drivers/STM32F4xx_HAL_Driver/Src/stm32f4xx_hal_tim.o
                0x00000000080029e4                HAL_TIM_IRQHandler
 .text.HAL_TIM_OC_DelayElapsedCallback
                0x0000000008002bf4       0x14 ./Drivers/STM32F4xx_HAL_Driver/Src/stm32f4xx_hal_tim.o
                0x0000000008002bf4                HAL_TIM_OC_DelayElapsedCallback
 .text.HAL_TIM_IC_CaptureCallback
                0x0000000008002c08       0x14 ./Drivers/STM32F4xx_HAL_Driver/Src/stm32f4xx_hal_tim.o
                0x0000000008002c08                HAL_TIM_IC_CaptureCallback
 .text.HAL_TIM_PWM_PulseFinishedCallback
                0x0000000008002c1c       0x14 ./Drivers/STM32F4xx_HAL_Driver/Src/stm32f4xx_hal_tim.o
                0x0000000008002c1c                HAL_TIM_PWM_PulseFinishedCallback
 .text.HAL_TIM_TriggerCallback
                0x0000000008002c30       0x14 ./Drivers/STM32F4xx_HAL_Driver/Src/stm32f4xx_hal_tim.o
                0x0000000008002c30                HAL_TIM_TriggerCallback
 .text.TIM_Base_SetConfig
                0x0000000008002c44      0x140 ./Drivers/STM32F4xx_HAL_Driver/Src/stm32f4xx_hal_tim.o
                0x0000000008002c44                TIM_Base_SetConfig
 .text.HAL_TIMEx_CommutCallback
                0x0000000008002d84       0x14 ./Drivers/STM32F4xx_HAL_Driver/Src/stm32f4xx_hal_tim_ex.o
                0x0000000008002d84                HAL_TIMEx_CommutCallback
 .text.HAL_TIMEx_BreakCallback
                0x0000000008002d98       0x14 ./Drivers/STM32F4xx_HAL_Driver/Src/stm32f4xx_hal_tim_ex.o
                0x0000000008002d98                HAL_TIMEx_BreakCallback
 .text.USB_CoreInit
                0x0000000008002dac       0xc2 ./Drivers/STM32F4xx_HAL_Driver/Src/stm32f4xx_ll_usb.o
                0x0000000008002dac                USB_CoreInit
 .text.USB_DisableGlobalInt
                0x0000000008002e6e       0x22 ./Drivers/STM32F4xx_HAL_Driver/Src/stm32f4xx_ll_usb.o
                0x0000000008002e6e                USB_DisableGlobalInt
 .text.USB_SetCurrentMode
                0x0000000008002e90       0x98 ./Drivers/STM32F4xx_HAL_Driver/Src/stm32f4xx_ll_usb.o
                0x0000000008002e90                USB_SetCurrentMode
 .text.USB_DevInit
                0x0000000008002f28      0x2bc ./Drivers/STM32F4xx_HAL_Driver/Src/stm32f4xx_ll_usb.o
                0x0000000008002f28                USB_DevInit
 .text.USB_FlushTxFifo
                0x00000000080031e4       0x68 ./Drivers/STM32F4xx_HAL_Driver/Src/stm32f4xx_ll_usb.o
                0x00000000080031e4                USB_FlushTxFifo
 .text.USB_FlushRxFifo
                0x000000000800324c       0x60 ./Drivers/STM32F4xx_HAL_Driver/Src/stm32f4xx_ll_usb.o
                0x000000000800324c                USB_FlushRxFifo
 .text.USB_SetDevSpeed
                0x00000000080032ac       0x32 ./Drivers/STM32F4xx_HAL_Driver/Src/stm32f4xx_ll_usb.o
                0x00000000080032ac                USB_SetDevSpeed
 .text.USB_DevDisconnect
                0x00000000080032de       0x42 ./Drivers/STM32F4xx_HAL_Driver/Src/stm32f4xx_ll_usb.o
                0x00000000080032de                USB_DevDisconnect
 .text.USB_GetMode
                0x0000000008003320       0x1c ./Drivers/STM32F4xx_HAL_Driver/Src/stm32f4xx_ll_usb.o
                0x0000000008003320                USB_GetMode
 .text.USB_CoreReset
                0x000000000800333c       0x68 ./Drivers/STM32F4xx_HAL_Driver/Src/stm32f4xx_ll_usb.o
 .text.__NVIC_SetPriority
                0x00000000080033a4       0x54 ./Middlewares/Third_Party/FreeRTOS/Source/CMSIS_RTOS_V2/cmsis_os2.o
 .text.SysTick_Handler
                0x00000000080033f8       0x20 ./Middlewares/Third_Party/FreeRTOS/Source/CMSIS_RTOS_V2/cmsis_os2.o
                0x00000000080033f8                SysTick_Handler
 .text.SVC_Setup
                0x0000000008003418       0x12 ./Middlewares/Third_Party/FreeRTOS/Source/CMSIS_RTOS_V2/cmsis_os2.o
 *fill*         0x000000000800342a        0x2 
 .text.osKernelInitialize
                0x000000000800342c       0x48 ./Middlewares/Third_Party/FreeRTOS/Source/CMSIS_RTOS_V2/cmsis_os2.o
                0x000000000800342c                osKernelInitialize
 .text.osKernelStart
                0x0000000008003474       0x4c ./Middlewares/Third_Party/FreeRTOS/Source/CMSIS_RTOS_V2/cmsis_os2.o
                0x0000000008003474                osKernelStart
 .text.osThreadNew
                0x00000000080034c0      0x124 ./Middlewares/Third_Party/FreeRTOS/Source/CMSIS_RTOS_V2/cmsis_os2.o
                0x00000000080034c0                osThreadNew
 .text.osDelay  0x00000000080035e4       0x36 ./Middlewares/Third_Party/FreeRTOS/Source/CMSIS_RTOS_V2/cmsis_os2.o
                0x00000000080035e4                osDelay
 *fill*         0x000000000800361a        0x2 
 .text.vApplicationGetIdleTaskMemory
                0x000000000800361c       0x34 ./Middlewares/Third_Party/FreeRTOS/Source/CMSIS_RTOS_V2/cmsis_os2.o
                0x000000000800361c                vApplicationGetIdleTaskMemory
 .text.vApplicationGetTimerTaskMemory
                0x0000000008003650       0x34 ./Middlewares/Third_Party/FreeRTOS/Source/CMSIS_RTOS_V2/cmsis_os2.o
                0x0000000008003650                vApplicationGetTimerTaskMemory
 .text.vListInitialise
                0x0000000008003684       0x40 ./Middlewares/Third_Party/FreeRTOS/Source/list.o
                0x0000000008003684                vListInitialise
 .text.vListInitialiseItem
                0x00000000080036c4       0x1a ./Middlewares/Third_Party/FreeRTOS/Source/list.o
                0x00000000080036c4                vListInitialiseItem
 .text.vListInsertEnd
                0x00000000080036de       0x48 ./Middlewares/Third_Party/FreeRTOS/Source/list.o
                0x00000000080036de                vListInsertEnd
 .text.vListInsert
                0x0000000008003726       0x72 ./Middlewares/Third_Party/FreeRTOS/Source/list.o
                0x0000000008003726                vListInsert
 .text.uxListRemove
                0x0000000008003798       0x54 ./Middlewares/Third_Party/FreeRTOS/Source/list.o
                0x0000000008003798                uxListRemove
 .text.xQueueGenericReset
                0x00000000080037ec       0xd0 ./Middlewares/Third_Party/FreeRTOS/Source/queue.o
                0x00000000080037ec                xQueueGenericReset
 .text.xQueueGenericCreateStatic
                0x00000000080038bc       0xf0 ./Middlewares/Third_Party/FreeRTOS/Source/queue.o
                0x00000000080038bc                xQueueGenericCreateStatic
 .text.prvInitialiseNewQueue
                0x00000000080039ac       0x46 ./Middlewares/Third_Party/FreeRTOS/Source/queue.o
 .text.prvInitialiseMutex
                0x00000000080039f2       0x34 ./Middlewares/Third_Party/FreeRTOS/Source/queue.o
 .text.xQueueCreateMutexStatic
                0x0000000008003a26       0x36 ./Middlewares/Third_Party/FreeRTOS/Source/queue.o
                0x0000000008003a26                xQueueCreateMutexStatic
 .text.xQueueGenericSend
                0x0000000008003a5c      0x1fc ./Middlewares/Third_Party/FreeRTOS/Source/queue.o
                0x0000000008003a5c                xQueueGenericSend
 .text.xQueueGenericSendFromISR
                0x0000000008003c58      0x136 ./Middlewares/Third_Party/FreeRTOS/Source/queue.o
                0x0000000008003c58                xQueueGenericSendFromISR
 *fill*         0x0000000008003d8e        0x2 
 .text.xQueueReceive
                0x0000000008003d90      0x1c0 ./Middlewares/Third_Party/FreeRTOS/Source/queue.o
                0x0000000008003d90                xQueueReceive
 .text.xQueueSemaphoreTake
                0x0000000008003f50      0x218 ./Middlewares/Third_Party/FreeRTOS/Source/queue.o
                0x0000000008003f50                xQueueSemaphoreTake
 .text.uxQueueMessagesWaiting
                0x0000000008004168       0x3c ./Middlewares/Third_Party/FreeRTOS/Source/queue.o
                0x0000000008004168                uxQueueMessagesWaiting
 .text.prvGetDisinheritPriorityAfterTimeout
                0x00000000080041a4       0x30 ./Middlewares/Third_Party/FreeRTOS/Source/queue.o
 .text.prvCopyDataToQueue
                0x00000000080041d4       0xd4 ./Middlewares/Third_Party/FreeRTOS/Source/queue.o
 .text.prvCopyDataFromQueue
                0x00000000080042a8       0x4c ./Middlewares/Third_Party/FreeRTOS/Source/queue.o
 .text.prvUnlockQueue
                0x00000000080042f4       0xa4 ./Middlewares/Third_Party/FreeRTOS/Source/queue.o
 .text.prvIsQueueEmpty
                0x0000000008004398       0x2c ./Middlewares/Third_Party/FreeRTOS/Source/queue.o
 .text.prvIsQueueFull
                0x00000000080043c4       0x30 ./Middlewares/Third_Party/FreeRTOS/Source/queue.o
 .text.vQueueAddToRegistry
                0x00000000080043f4       0x54 ./Middlewares/Third_Party/FreeRTOS/Source/queue.o
                0x00000000080043f4                vQueueAddToRegistry
 .text.vQueueWaitForMessageRestricted
                0x0000000008004448       0x68 ./Middlewares/Third_Party/FreeRTOS/Source/queue.o
                0x0000000008004448                vQueueWaitForMessageRestricted
 .text.xTaskCreateStatic
                0x00000000080044b0       0xba ./Middlewares/Third_Party/FreeRTOS/Source/tasks.o
                0x00000000080044b0                xTaskCreateStatic
 .text.xTaskCreate
                0x000000000800456a       0x8a ./Middlewares/Third_Party/FreeRTOS/Source/tasks.o
                0x000000000800456a                xTaskCreate
 .text.prvInitialiseNewTask
                0x00000000080045f4      0x11e ./Middlewares/Third_Party/FreeRTOS/Source/tasks.o
 *fill*         0x0000000008004712        0x2 
 .text.prvAddNewTaskToReadyList
                0x0000000008004714       0xe0 ./Middlewares/Third_Party/FreeRTOS/Source/tasks.o
 .text.vTaskDelay
                0x00000000080047f4       0x68 ./Middlewares/Third_Party/FreeRTOS/Source/tasks.o
                0x00000000080047f4                vTaskDelay
 .text.vTaskStartScheduler
                0x000000000800485c       0xcc ./Middlewares/Third_Party/FreeRTOS/Source/tasks.o
                0x000000000800485c                vTaskStartScheduler
 .text.vTaskSuspendAll
                0x0000000008004928       0x1c ./Middlewares/Third_Party/FreeRTOS/Source/tasks.o
                0x0000000008004928                vTaskSuspendAll
 .text.xTaskResumeAll
                0x0000000008004944      0x13c ./Middlewares/Third_Party/FreeRTOS/Source/tasks.o
                0x0000000008004944                xTaskResumeAll
 .text.xTaskGetTickCount
                0x0000000008004a80       0x20 ./Middlewares/Third_Party/FreeRTOS/Source/tasks.o
                0x0000000008004a80                xTaskGetTickCount
 .text.xTaskIncrementTick
                0x0000000008004aa0      0x174 ./Middlewares/Third_Party/FreeRTOS/Source/tasks.o
                0x0000000008004aa0                xTaskIncrementTick
 .text.vTaskSwitchContext
                0x0000000008004c14       0xbc ./Middlewares/Third_Party/FreeRTOS/Source/tasks.o
                0x0000000008004c14                vTaskSwitchContext
 .text.vTaskPlaceOnEventList
                0x0000000008004cd0       0x48 ./Middlewares/Third_Party/FreeRTOS/Source/tasks.o
                0x0000000008004cd0                vTaskPlaceOnEventList
 .text.vTaskPlaceOnEventListRestricted
                0x0000000008004d18       0x58 ./Middlewares/Third_Party/FreeRTOS/Source/tasks.o
                0x0000000008004d18                vTaskPlaceOnEventListRestricted
 .text.xTaskRemoveFromEventList
                0x0000000008004d70       0xc8 ./Middlewares/Third_Party/FreeRTOS/Source/tasks.o
                0x0000000008004d70                xTaskRemoveFromEventList
 .text.vTaskInternalSetTimeOutState
                0x0000000008004e38       0x2c ./Middlewares/Third_Party/FreeRTOS/Source/tasks.o
                0x0000000008004e38                vTaskInternalSetTimeOutState
 .text.xTaskCheckForTimeOut
                0x0000000008004e64       0xc4 ./Middlewares/Third_Party/FreeRTOS/Source/tasks.o
                0x0000000008004e64                xTaskCheckForTimeOut
 .text.vTaskMissedYield
                0x0000000008004f28       0x18 ./Middlewares/Third_Party/FreeRTOS/Source/tasks.o
                0x0000000008004f28                vTaskMissedYield
 .text.prvIdleTask
                0x0000000008004f40       0x30 ./Middlewares/Third_Party/FreeRTOS/Source/tasks.o
 .text.prvInitialiseTaskLists
                0x0000000008004f70       0x80 ./Middlewares/Third_Party/FreeRTOS/Source/tasks.o
 .text.prvCheckTasksWaitingTermination
                0x0000000008004ff0       0x5c ./Middlewares/Third_Party/FreeRTOS/Source/tasks.o
 .text.prvDeleteTCB
                0x000000000800504c       0x5e ./Middlewares/Third_Party/FreeRTOS/Source/tasks.o
 *fill*         0x00000000080050aa        0x2 
 .text.prvResetNextTaskUnblockTime
                0x00000000080050ac       0x40 ./Middlewares/Third_Party/FreeRTOS/Source/tasks.o
 .text.xTaskGetSchedulerState
                0x00000000080050ec       0x3c ./Middlewares/Third_Party/FreeRTOS/Source/tasks.o
                0x00000000080050ec                xTaskGetSchedulerState
 .text.xTaskPriorityInherit
                0x0000000008005128       0xd0 ./Middlewares/Third_Party/FreeRTOS/Source/tasks.o
                0x0000000008005128                xTaskPriorityInherit
 .text.xTaskPriorityDisinherit
                0x00000000080051f8       0xdc ./Middlewares/Third_Party/FreeRTOS/Source/tasks.o
                0x00000000080051f8                xTaskPriorityDisinherit
 .text.vTaskPriorityDisinheritAfterTimeout
                0x00000000080052d4      0x104 ./Middlewares/Third_Party/FreeRTOS/Source/tasks.o
                0x00000000080052d4                vTaskPriorityDisinheritAfterTimeout
 .text.pvTaskIncrementMutexHeldCount
                0x00000000080053d8       0x28 ./Middlewares/Third_Party/FreeRTOS/Source/tasks.o
                0x00000000080053d8                pvTaskIncrementMutexHeldCount
 .text.prvAddCurrentTaskToDelayedList
                0x0000000008005400       0xa8 ./Middlewares/Third_Party/FreeRTOS/Source/tasks.o
 .text.xTimerCreateTimerTask
                0x00000000080054a8       0x90 ./Middlewares/Third_Party/FreeRTOS/Source/timers.o
                0x00000000080054a8                xTimerCreateTimerTask
 .text.xTimerGenericCommand
                0x0000000008005538       0x9c ./Middlewares/Third_Party/FreeRTOS/Source/timers.o
                0x0000000008005538                xTimerGenericCommand
 .text.prvProcessExpiredTimer
                0x00000000080055d4       0x98 ./Middlewares/Third_Party/FreeRTOS/Source/timers.o
 .text.prvTimerTask
                0x000000000800566c       0x24 ./Middlewares/Third_Party/FreeRTOS/Source/timers.o
 .text.prvProcessTimerOrBlockTask
                0x0000000008005690       0x9c ./Middlewares/Third_Party/FreeRTOS/Source/timers.o
 .text.prvGetNextExpireTime
                0x000000000800572c       0x48 ./Middlewares/Third_Party/FreeRTOS/Source/timers.o
 .text.prvSampleTimeNow
                0x0000000008005774       0x40 ./Middlewares/Third_Party/FreeRTOS/Source/timers.o
 .text.prvInsertTimerInActiveList
                0x00000000080057b4       0x84 ./Middlewares/Third_Party/FreeRTOS/Source/timers.o
 .text.prvProcessReceivedCommands
                0x0000000008005838      0x1c4 ./Middlewares/Third_Party/FreeRTOS/Source/timers.o
 .text.prvSwitchTimerLists
                0x00000000080059fc       0xc8 ./Middlewares/Third_Party/FreeRTOS/Source/timers.o
 .text.prvCheckForValidListAndQueue
                0x0000000008005ac4       0x80 ./Middlewares/Third_Party/FreeRTOS/Source/timers.o
 .text.pxPortInitialiseStack
                0x0000000008005b44       0x68 ./Middlewares/Third_Party/FreeRTOS/Source/portable/GCC/ARM_CM4F/port.o
                0x0000000008005b44                pxPortInitialiseStack
 .text.prvTaskExitError
                0x0000000008005bac       0x58 ./Middlewares/Third_Party/FreeRTOS/Source/portable/GCC/ARM_CM4F/port.o
 *fill*         0x0000000008005c04        0xc 
 .text.SVC_Handler
                0x0000000008005c10       0x28 ./Middlewares/Third_Party/FreeRTOS/Source/portable/GCC/ARM_CM4F/port.o
                0x0000000008005c10                SVC_Handler
 .text.prvPortStartFirstTask
                0x0000000008005c38       0x28 ./Middlewares/Third_Party/FreeRTOS/Source/portable/GCC/ARM_CM4F/port.o
 .text.xPortStartScheduler
                0x0000000008005c60      0x144 ./Middlewares/Third_Party/FreeRTOS/Source/portable/GCC/ARM_CM4F/port.o
                0x0000000008005c60                xPortStartScheduler
 .text.vPortEnterCritical
                0x0000000008005da4       0x60 ./Middlewares/Third_Party/FreeRTOS/Source/portable/GCC/ARM_CM4F/port.o
                0x0000000008005da4                vPortEnterCritical
 .text.vPortExitCritical
                0x0000000008005e04       0x54 ./Middlewares/Third_Party/FreeRTOS/Source/portable/GCC/ARM_CM4F/port.o
                0x0000000008005e04                vPortExitCritical
 *fill*         0x0000000008005e58        0x8 
 .text.PendSV_Handler
                0x0000000008005e60       0x68 ./Middlewares/Third_Party/FreeRTOS/Source/portable/GCC/ARM_CM4F/port.o
                0x0000000008005e60                PendSV_Handler
 .text.xPortSysTickHandler
                0x0000000008005ec8       0x44 ./Middlewares/Third_Party/FreeRTOS/Source/portable/GCC/ARM_CM4F/port.o
                0x0000000008005ec8                xPortSysTickHandler
 .text.vPortSetupTimerInterrupt
                0x0000000008005f0c       0x48 ./Middlewares/Third_Party/FreeRTOS/Source/portable/GCC/ARM_CM4F/port.o
                0x0000000008005f0c                vPortSetupTimerInterrupt
 .text.vPortEnableVFP
                0x0000000008005f54       0x14 ./Middlewares/Third_Party/FreeRTOS/Source/portable/GCC/ARM_CM4F/port.o
 .text.vPortValidateInterruptPriority
                0x0000000008005f68       0x80 ./Middlewares/Third_Party/FreeRTOS/Source/portable/GCC/ARM_CM4F/port.o
                0x0000000008005f68                vPortValidateInterruptPriority
 .text.pvPortMalloc
                0x0000000008005fe8      0x198 ./Middlewares/Third_Party/FreeRTOS/Source/portable/MemMang/heap_4.o
                0x0000000008005fe8                pvPortMalloc
 .text.vPortFree
                0x0000000008006180       0xc4 ./Middlewares/Third_Party/FreeRTOS/Source/portable/MemMang/heap_4.o
                0x0000000008006180                vPortFree
 .text.prvHeapInit
                0x0000000008006244       0xc4 ./Middlewares/Third_Party/FreeRTOS/Source/portable/MemMang/heap_4.o
 .text.prvInsertBlockIntoFreeList
                0x0000000008006308       0xb4 ./Middlewares/Third_Party/FreeRTOS/Source/portable/MemMang/heap_4.o
 .text._prep_out_transaction
                0x00000000080063bc       0x76 ./tinyusb/src/class/midi/midi_device.o
 *fill*         0x0000000008006432        0x2 
 .text.write_flush
                0x0000000008006434       0xb0 ./tinyusb/src/class/midi/midi_device.o
 .text.midid_init
                0x00000000080064e4       0xd8 ./tinyusb/src/class/midi/midi_device.o
                0x00000000080064e4                midid_init
 .text.midid_reset
                0x00000000080065bc       0x58 ./tinyusb/src/class/midi/midi_device.o
                0x00000000080065bc                midid_reset
 .text.midid_open
                0x0000000008006614      0x268 ./tinyusb/src/class/midi/midi_device.o
                0x0000000008006614                midid_open
 .text.midid_control_xfer_cb
                0x000000000800687c       0x1e ./tinyusb/src/class/midi/midi_device.o
                0x000000000800687c                midid_control_xfer_cb
 *fill*         0x000000000800689a        0x2 
 .text.midid_xfer_cb
                0x000000000800689c      0x10c ./tinyusb/src/class/midi/midi_device.o
                0x000000000800689c                midid_xfer_cb
 .text.tu_fifo_config
                0x00000000080069a8      0x17c ./tinyusb/src/common/tusb_fifo.o
                0x00000000080069a8                tu_fifo_config
 .text._ff_push_const_addr
                0x0000000008006b24       0x68 ./tinyusb/src/common/tusb_fifo.o
 .text._ff_pull_const_addr
                0x0000000008006b8c       0x66 ./tinyusb/src/common/tusb_fifo.o
 .text._ff_push_n
                0x0000000008006bf2      0x1bc ./tinyusb/src/common/tusb_fifo.o
 .text._ff_pull_n
                0x0000000008006dae      0x1c0 ./tinyusb/src/common/tusb_fifo.o
 .text.advance_index
                0x0000000008006f6e       0x4c ./tinyusb/src/common/tusb_fifo.o
 .text._tu_fifo_peek_n
                0x0000000008006fba       0xe0 ./tinyusb/src/common/tusb_fifo.o
 *fill*         0x000000000800709a        0x2 
 .text._tu_fifo_write_n
                0x000000000800709c      0x254 ./tinyusb/src/common/tusb_fifo.o
 .text._tu_fifo_read_n
                0x00000000080072f0       0xec ./tinyusb/src/common/tusb_fifo.o
 .text.tu_fifo_count
                0x00000000080073dc       0x64 ./tinyusb/src/common/tusb_fifo.o
                0x00000000080073dc                tu_fifo_count
 .text.tu_fifo_remaining
                0x0000000008007440       0x70 ./tinyusb/src/common/tusb_fifo.o
                0x0000000008007440                tu_fifo_remaining
 .text.tu_fifo_read_n
                0x00000000080074b0       0x24 ./tinyusb/src/common/tusb_fifo.o
                0x00000000080074b0                tu_fifo_read_n
 .text.tu_fifo_read_n_const_addr_full_words
                0x00000000080074d4       0x24 ./tinyusb/src/common/tusb_fifo.o
                0x00000000080074d4                tu_fifo_read_n_const_addr_full_words
 .text.tu_fifo_write_n
                0x00000000080074f8       0x24 ./tinyusb/src/common/tusb_fifo.o
                0x00000000080074f8                tu_fifo_write_n
 .text.tu_fifo_write_n_const_addr_full_words
                0x000000000800751c       0x24 ./tinyusb/src/common/tusb_fifo.o
                0x000000000800751c                tu_fifo_write_n_const_addr_full_words
 .text.tu_fifo_clear
                0x0000000008007540      0x138 ./tinyusb/src/common/tusb_fifo.o
                0x0000000008007540                tu_fifo_clear
 .text.tud_inited
                0x0000000008007678       0x20 ./tinyusb/src/device/usbd.o
                0x0000000008007678                tud_inited
 .text.tud_init
                0x0000000008007698      0x190 ./tinyusb/src/device/usbd.o
                0x0000000008007698                tud_init
 .text.configuration_reset
                0x0000000008007828       0xd4 ./tinyusb/src/device/usbd.o
 .text.usbd_reset
                0x00000000080078fc       0x1e ./tinyusb/src/device/usbd.o
 *fill*         0x000000000800791a        0x2 
 .text.tud_task_ext
                0x000000000800791c      0x344 ./tinyusb/src/device/usbd.o
                0x000000000800791c                tud_task_ext
 .text.invoke_class_control
                0x0000000008007c60       0x2e ./tinyusb/src/device/usbd.o
 *fill*         0x0000000008007c8e        0x2 
 .text.process_control_request
                0x0000000008007c90      0x5f0 ./tinyusb/src/device/usbd.o
 .text.process_set_config
                0x0000000008008280      0x270 ./tinyusb/src/device/usbd.o
 .text.process_get_descriptor
                0x00000000080084f0      0x1d0 ./tinyusb/src/device/usbd.o
 .text.dcd_event_handler
                0x00000000080086c0      0x2d8 ./tinyusb/src/device/usbd.o
                0x00000000080086c0                dcd_event_handler
 .text.usbd_edpt_open
                0x0000000008008998       0x88 ./tinyusb/src/device/usbd.o
                0x0000000008008998                usbd_edpt_open
 .text.usbd_edpt_claim
                0x0000000008008a20       0x5c ./tinyusb/src/device/usbd.o
                0x0000000008008a20                usbd_edpt_claim
 .text.usbd_edpt_release
                0x0000000008008a7c       0x5c ./tinyusb/src/device/usbd.o
                0x0000000008008a7c                usbd_edpt_release
 .text.usbd_edpt_xfer
                0x0000000008008ad8       0xec ./tinyusb/src/device/usbd.o
                0x0000000008008ad8                usbd_edpt_xfer
 .text.usbd_edpt_stall
                0x0000000008008bc4       0x98 ./tinyusb/src/device/usbd.o
                0x0000000008008bc4                usbd_edpt_stall
 .text.usbd_edpt_clear_stall
                0x0000000008008c5c       0x98 ./tinyusb/src/device/usbd.o
                0x0000000008008c5c                usbd_edpt_clear_stall
 .text.usbd_edpt_stalled
                0x0000000008008cf4       0x5c ./tinyusb/src/device/usbd.o
                0x0000000008008cf4                usbd_edpt_stalled
 .text._status_stage_xact
                0x0000000008008d50       0x38 ./tinyusb/src/device/usbd_control.o
 .text.tud_control_status
                0x0000000008008d88       0x40 ./tinyusb/src/device/usbd_control.o
                0x0000000008008d88                tud_control_status
 .text._data_stage_xact
                0x0000000008008dc8       0xa4 ./tinyusb/src/device/usbd_control.o
 .text.tud_control_xfer
                0x0000000008008e6c       0xe0 ./tinyusb/src/device/usbd_control.o
                0x0000000008008e6c                tud_control_xfer
 .text.usbd_control_reset
                0x0000000008008f4c       0x18 ./tinyusb/src/device/usbd_control.o
                0x0000000008008f4c                usbd_control_reset
 .text.usbd_control_set_complete_callback
                0x0000000008008f64       0x20 ./tinyusb/src/device/usbd_control.o
                0x0000000008008f64                usbd_control_set_complete_callback
 .text.usbd_control_set_request
                0x0000000008008f84       0x34 ./tinyusb/src/device/usbd_control.o
                0x0000000008008f84                usbd_control_set_request
 .text.usbd_control_xfer_cb
                0x0000000008008fb8      0x170 ./tinyusb/src/device/usbd_control.o
                0x0000000008008fb8                usbd_control_xfer_cb
 .text.__NVIC_EnableIRQ
                0x0000000008009128       0x3c ./tinyusb/src/portable/synopsys/dwc2/dcd_dwc2.o
 .text.dwc2_phy_init
                0x0000000008009164       0x38 ./tinyusb/src/portable/synopsys/dwc2/dcd_dwc2.o
 .text.dwc2_phy_update
                0x000000000800919c       0xec ./tinyusb/src/portable/synopsys/dwc2/dcd_dwc2.o
 .text.calc_grxfsiz
                0x0000000008009288       0x32 ./tinyusb/src/portable/synopsys/dwc2/dcd_dwc2.o
 *fill*         0x00000000080092ba        0x2 
 .text.update_grxfsiz
                0x00000000080092bc       0x84 ./tinyusb/src/portable/synopsys/dwc2/dcd_dwc2.o
 .text.bus_reset
                0x0000000008009340      0x114 ./tinyusb/src/portable/synopsys/dwc2/dcd_dwc2.o
 .text.edpt_schedule_packets
                0x0000000008009454      0x1f4 ./tinyusb/src/portable/synopsys/dwc2/dcd_dwc2.o
 .text.reset_core
                0x0000000008009648       0x3a ./tinyusb/src/portable/synopsys/dwc2/dcd_dwc2.o
 .text.phy_hs_supported
                0x0000000008009682       0x16 ./tinyusb/src/portable/synopsys/dwc2/dcd_dwc2.o
 .text.phy_fs_init
                0x0000000008009698       0x52 ./tinyusb/src/portable/synopsys/dwc2/dcd_dwc2.o
 .text.phy_hs_init
                0x00000000080096ea      0x102 ./tinyusb/src/portable/synopsys/dwc2/dcd_dwc2.o
 .text.check_dwc2
                0x00000000080097ec       0x60 ./tinyusb/src/portable/synopsys/dwc2/dcd_dwc2.o
 .text.dcd_init
                0x000000000800984c      0x110 ./tinyusb/src/portable/synopsys/dwc2/dcd_dwc2.o
                0x000000000800984c                dcd_init
 .text.dcd_int_enable
                0x000000000800995c       0x30 ./tinyusb/src/portable/synopsys/dwc2/dcd_dwc2.o
                0x000000000800995c                dcd_int_enable
 .text.dcd_set_address
                0x000000000800998c       0x68 ./tinyusb/src/portable/synopsys/dwc2/dcd_dwc2.o
                0x000000000800998c                dcd_set_address
 .text.dcd_connect
                0x00000000080099f4       0x38 ./tinyusb/src/portable/synopsys/dwc2/dcd_dwc2.o
                0x00000000080099f4                dcd_connect
 .text.dcd_disconnect
                0x0000000008009a2c       0x38 ./tinyusb/src/portable/synopsys/dwc2/dcd_dwc2.o
                0x0000000008009a2c                dcd_disconnect
 .text.dcd_edpt_open
                0x0000000008009a64      0x264 ./tinyusb/src/portable/synopsys/dwc2/dcd_dwc2.o
                0x0000000008009a64                dcd_edpt_open
 .text.dcd_edpt_close_all
                0x0000000008009cc8       0x98 ./tinyusb/src/portable/synopsys/dwc2/dcd_dwc2.o
                0x0000000008009cc8                dcd_edpt_close_all
 .text.dcd_edpt_xfer
                0x0000000008009d60       0xd0 ./tinyusb/src/portable/synopsys/dwc2/dcd_dwc2.o
                0x0000000008009d60                dcd_edpt_xfer
 .text.dcd_edpt_disable
                0x0000000008009e30      0x1d8 ./tinyusb/src/portable/synopsys/dwc2/dcd_dwc2.o
 .text.dcd_edpt_stall
                0x000000000800a008       0x24 ./tinyusb/src/portable/synopsys/dwc2/dcd_dwc2.o
                0x000000000800a008                dcd_edpt_stall
 .text.dcd_edpt_clear_stall
                0x000000000800a02c       0xc0 ./tinyusb/src/portable/synopsys/dwc2/dcd_dwc2.o
                0x000000000800a02c                dcd_edpt_clear_stall
 .text.read_fifo_packet
                0x000000000800a0ec       0xb4 ./tinyusb/src/portable/synopsys/dwc2/dcd_dwc2.o
 .text.write_fifo_packet
                0x000000000800a1a0       0xac ./tinyusb/src/portable/synopsys/dwc2/dcd_dwc2.o
 .text.handle_rxflvl_irq
                0x000000000800a24c      0x19c ./tinyusb/src/portable/synopsys/dwc2/dcd_dwc2.o
 .text.handle_epout_irq
                0x000000000800a3e8      0x1a4 ./tinyusb/src/portable/synopsys/dwc2/dcd_dwc2.o
 .text.handle_epin_irq
                0x000000000800a58c      0x240 ./tinyusb/src/portable/synopsys/dwc2/dcd_dwc2.o
 .text.dcd_int_handler
                0x000000000800a7cc      0x2f8 ./tinyusb/src/portable/synopsys/dwc2/dcd_dwc2.o
                0x000000000800a7cc                dcd_int_handler
 .text.tusb_init
                0x000000000800aac4       0x3c ./tinyusb/src/tusb.o
                0x000000000800aac4                tusb_init
 .text.tu_edpt_claim
                0x000000000800ab00       0xec ./tinyusb/src/tusb.o
                0x000000000800ab00                tu_edpt_claim
 .text.tu_edpt_release
                0x000000000800abec       0xcc ./tinyusb/src/tusb.o
                0x000000000800abec                tu_edpt_release
 .text.tu_edpt_validate
                0x000000000800acb8       0xf8 ./tinyusb/src/tusb.o
                0x000000000800acb8                tu_edpt_validate
 .text.tu_edpt_bind_driver
                0x000000000800adb0       0x8a ./tinyusb/src/tusb.o
                0x000000000800adb0                tu_edpt_bind_driver
 .text.memset   0x000000000800ae3a       0x10 /opt/st/stm32cubeide_1.13.2/plugins/com.st.stm32cube.ide.mcu.externaltools.gnu-tools-for-stm32.11.3.rel1.linux64_1.1.1.202309131626/tools/bin/../lib/gcc/arm-none-eabi/11.3.1/../../../../arm-none-eabi/lib/thumb/v7e-m+fp/hard/libc_nano.a(libc_a-memset.o)
                0x000000000800ae3a                memset
 *fill*         0x000000000800ae4a        0x2 
 .text.__libc_init_array
                0x000000000800ae4c       0x48 /opt/st/stm32cubeide_1.13.2/plugins/com.st.stm32cube.ide.mcu.externaltools.gnu-tools-for-stm32.11.3.rel1.linux64_1.1.1.202309131626/tools/bin/../lib/gcc/arm-none-eabi/11.3.1/../../../../arm-none-eabi/lib/thumb/v7e-m+fp/hard/libc_nano.a(libc_a-init.o)
                0x000000000800ae4c                __libc_init_array
 .text.memcpy   0x000000000800ae94       0x1c /opt/st/stm32cubeide_1.13.2/plugins/com.st.stm32cube.ide.mcu.externaltools.gnu-tools-for-stm32.11.3.rel1.linux64_1.1.1.202309131626/tools/bin/../lib/gcc/arm-none-eabi/11.3.1/../../../../arm-none-eabi/lib/thumb/v7e-m+fp/hard/libc_nano.a(libc_a-memcpy-stub.o)
                0x000000000800ae94                memcpy
 *(.glue_7)
 .glue_7        0x000000000800aeb0        0x0 linker stubs
 *(.glue_7t)
 .glue_7t       0x000000000800aeb0        0x0 linker stubs
 *(.eh_frame)
 .eh_frame      0x000000000800aeb0        0x0 /opt/st/stm32cubeide_1.13.2/plugins/com.st.stm32cube.ide.mcu.externaltools.gnu-tools-for-stm32.11.3.rel1.linux64_1.1.1.202309131626/tools/bin/../lib/gcc/arm-none-eabi/11.3.1/thumb/v7e-m+fp/hard/crtbegin.o
 *(.init)
 .init          0x000000000800aeb0        0x4 /opt/st/stm32cubeide_1.13.2/plugins/com.st.stm32cube.ide.mcu.externaltools.gnu-tools-for-stm32.11.3.rel1.linux64_1.1.1.202309131626/tools/bin/../lib/gcc/arm-none-eabi/11.3.1/thumb/v7e-m+fp/hard/crti.o
                0x000000000800aeb0                _init
 .init          0x000000000800aeb4        0x8 /opt/st/stm32cubeide_1.13.2/plugins/com.st.stm32cube.ide.mcu.externaltools.gnu-tools-for-stm32.11.3.rel1.linux64_1.1.1.202309131626/tools/bin/../lib/gcc/arm-none-eabi/11.3.1/thumb/v7e-m+fp/hard/crtn.o
 *(.fini)
 .fini          0x000000000800aebc        0x4 /opt/st/stm32cubeide_1.13.2/plugins/com.st.stm32cube.ide.mcu.externaltools.gnu-tools-for-stm32.11.3.rel1.linux64_1.1.1.202309131626/tools/bin/../lib/gcc/arm-none-eabi/11.3.1/thumb/v7e-m+fp/hard/crti.o
                0x000000000800aebc                _fini
 .fini          0x000000000800aec0        0x8 /opt/st/stm32cubeide_1.13.2/plugins/com.st.stm32cube.ide.mcu.externaltools.gnu-tools-for-stm32.11.3.rel1.linux64_1.1.1.202309131626/tools/bin/../lib/gcc/arm-none-eabi/11.3.1/thumb/v7e-m+fp/hard/crtn.o
                0x000000000800aec8                . = ALIGN (0x4)
                0x000000000800aec8                _etext = .

.vfp11_veneer   0x000000000800aec8        0x0
 .vfp11_veneer  0x000000000800aec8        0x0 linker stubs

.v4_bx          0x000000000800aec8        0x0
 .v4_bx         0x000000000800aec8        0x0 linker stubs

.iplt           0x000000000800aec8        0x0
 .iplt          0x000000000800aec8        0x0 /opt/st/stm32cubeide_1.13.2/plugins/com.st.stm32cube.ide.mcu.externaltools.gnu-tools-for-stm32.11.3.rel1.linux64_1.1.1.202309131626/tools/bin/../lib/gcc/arm-none-eabi/11.3.1/thumb/v7e-m+fp/hard/crtbegin.o

.rodata         0x000000000800aec8      0x168
                0x000000000800aec8                . = ALIGN (0x4)
 *(.rodata)
 .rodata        0x000000000800aec8       0x11 ./Core/Src/main.o
 *fill*         0x000000000800aed9        0x3 
 .rodata        0x000000000800aedc       0x27 ./Core/Src/usb_descriptors.o
 *fill*         0x000000000800af03        0x1 
 .rodata        0x000000000800af04        0x5 ./Middlewares/Third_Party/FreeRTOS/Source/tasks.o
 *fill*         0x000000000800af09        0x3 
 .rodata        0x000000000800af0c        0xd ./Middlewares/Third_Party/FreeRTOS/Source/timers.o
 *fill*         0x000000000800af19        0x3 
 .rodata        0x000000000800af1c        0xb ./tinyusb/src/device/usbd.o
 *(.rodata*)
 *fill*         0x000000000800af27        0x1 
 .rodata.defaultTask_attributes
                0x000000000800af28       0x24 ./Core/Src/main.o
                0x000000000800af28                defaultTask_attributes
 .rodata.usb_device_task_attr
                0x000000000800af4c       0x24 ./Core/Src/main.o
                0x000000000800af4c                usb_device_task_attr
 .rodata.AHBPrescTable
                0x000000000800af70       0x10 ./Core/Src/system_stm32f4xx.o
                0x000000000800af70                AHBPrescTable
 .rodata.APBPrescTable
                0x000000000800af80        0x8 ./Core/Src/system_stm32f4xx.o
                0x000000000800af80                APBPrescTable
 .rodata.desc_device
                0x000000000800af88       0x12 ./Core/Src/usb_descriptors.o
                0x000000000800af88                desc_device
 *fill*         0x000000000800af9a        0x2 
 .rodata.desc_fs_configuration
                0x000000000800af9c       0x65 ./Core/Src/usb_descriptors.o
                0x000000000800af9c                desc_fs_configuration
 *fill*         0x000000000800b001        0x3 
 .rodata.__compound_literal.0
                0x000000000800b004        0x2 ./Core/Src/usb_descriptors.o
 *fill*         0x000000000800b006        0x2 
 .rodata._usbd_driver
                0x000000000800b008       0x18 ./tinyusb/src/device/usbd.o
 .rodata._dwc2_controller
                0x000000000800b020       0x10 ./tinyusb/src/portable/synopsys/dwc2/dcd_dwc2.o
                0x000000000800b030                . = ALIGN (0x4)

.ARM.extab      0x000000000800b030        0x0
                0x000000000800b030                . = ALIGN (0x4)
 *(.ARM.extab* .gnu.linkonce.armextab.*)
                0x000000000800b030                . = ALIGN (0x4)

.ARM            0x000000000800b030        0x8
                0x000000000800b030                . = ALIGN (0x4)
                0x000000000800b030                __exidx_start = .
 *(.ARM.exidx*)
 .ARM.exidx     0x000000000800b030        0x8 /opt/st/stm32cubeide_1.13.2/plugins/com.st.stm32cube.ide.mcu.externaltools.gnu-tools-for-stm32.11.3.rel1.linux64_1.1.1.202309131626/tools/bin/../lib/gcc/arm-none-eabi/11.3.1/thumb/v7e-m+fp/hard/libgcc.a(_udivmoddi4.o)
                0x000000000800b038                __exidx_end = .
                0x000000000800b038                . = ALIGN (0x4)

.rel.dyn        0x000000000800b038        0x0
 .rel.iplt      0x000000000800b038        0x0 /opt/st/stm32cubeide_1.13.2/plugins/com.st.stm32cube.ide.mcu.externaltools.gnu-tools-for-stm32.11.3.rel1.linux64_1.1.1.202309131626/tools/bin/../lib/gcc/arm-none-eabi/11.3.1/thumb/v7e-m+fp/hard/crtbegin.o

.preinit_array  0x000000000800b038        0x0
                0x000000000800b038                . = ALIGN (0x4)
                0x000000000800b038                PROVIDE (__preinit_array_start = .)
 *(.preinit_array*)
                0x000000000800b038                PROVIDE (__preinit_array_end = .)
                0x000000000800b038                . = ALIGN (0x4)

.init_array     0x000000000800b038        0x4
                0x000000000800b038                . = ALIGN (0x4)
                0x000000000800b038                PROVIDE (__init_array_start = .)
 *(SORT_BY_NAME(.init_array.*))
 *(.init_array*)
 .init_array    0x000000000800b038        0x4 /opt/st/stm32cubeide_1.13.2/plugins/com.st.stm32cube.ide.mcu.externaltools.gnu-tools-for-stm32.11.3.rel1.linux64_1.1.1.202309131626/tools/bin/../lib/gcc/arm-none-eabi/11.3.1/thumb/v7e-m+fp/hard/crtbegin.o
                0x000000000800b03c                PROVIDE (__init_array_end = .)
                0x000000000800b03c                . = ALIGN (0x4)

.fini_array     0x000000000800b03c        0x4
                0x000000000800b03c                . = ALIGN (0x4)
                [!provide]                        PROVIDE (__fini_array_start = .)
 *(SORT_BY_NAME(.fini_array.*))
 *(.fini_array*)
 .fini_array    0x000000000800b03c        0x4 /opt/st/stm32cubeide_1.13.2/plugins/com.st.stm32cube.ide.mcu.externaltools.gnu-tools-for-stm32.11.3.rel1.linux64_1.1.1.202309131626/tools/bin/../lib/gcc/arm-none-eabi/11.3.1/thumb/v7e-m+fp/hard/crtbegin.o
                [!provide]                        PROVIDE (__fini_array_end = .)
                0x000000000800b040                . = ALIGN (0x4)
                0x000000000800b040                _sidata = LOADADDR (.data)

.data           0x0000000020000000       0x80 load address 0x000000000800b040
                0x0000000020000000                . = ALIGN (0x4)
                0x0000000020000000                _sdata = .
 *(.data)
 *(.data*)
 .data.SystemCoreClock
                0x0000000020000000        0x4 ./Core/Src/system_stm32f4xx.o
                0x0000000020000000                SystemCoreClock
 .data.string_desc_arr
                0x0000000020000004       0x10 ./Core/Src/usb_descriptors.o
                0x0000000020000004                string_desc_arr
 .data.uwTickPrio
                0x0000000020000014        0x4 ./Drivers/STM32F4xx_HAL_Driver/Src/stm32f4xx_hal.o
                0x0000000020000014                uwTickPrio
 .data.uwTickFreq
                0x0000000020000018        0x1 ./Drivers/STM32F4xx_HAL_Driver/Src/stm32f4xx_hal.o
                0x0000000020000018                uwTickFreq
 *fill*         0x0000000020000019        0x3 
 .data.uxCriticalNesting
                0x000000002000001c        0x4 ./Middlewares/Third_Party/FreeRTOS/Source/portable/GCC/ARM_CM4F/port.o
 .data._usbd_rhport
                0x0000000020000020        0x1 ./tinyusb/src/device/usbd.o
 *fill*         0x0000000020000021        0x3 
 .data._usbd_qdef
                0x0000000020000024       0x5c ./tinyusb/src/device/usbd.o
                0x0000000020000024                _usbd_qdef
 *(.RamFunc)
 *(.RamFunc*)
                0x0000000020000080                . = ALIGN (0x4)
                0x0000000020000080                _edata = .

.igot.plt       0x0000000020000080        0x0 load address 0x000000000800b0c0
 .igot.plt      0x0000000020000080        0x0 /opt/st/stm32cubeide_1.13.2/plugins/com.st.stm32cube.ide.mcu.externaltools.gnu-tools-for-stm32.11.3.rel1.linux64_1.1.1.202309131626/tools/bin/../lib/gcc/arm-none-eabi/11.3.1/thumb/v7e-m+fp/hard/crtbegin.o
                0x0000000020000080                . = ALIGN (0x4)

.bss            0x0000000020000080     0x5358 load address 0x000000000800b0c0
                0x0000000020000080                _sbss = .
                0x0000000020000080                __bss_start__ = _sbss
 *(.bss)
 .bss           0x0000000020000080       0x1c /opt/st/stm32cubeide_1.13.2/plugins/com.st.stm32cube.ide.mcu.externaltools.gnu-tools-for-stm32.11.3.rel1.linux64_1.1.1.202309131626/tools/bin/../lib/gcc/arm-none-eabi/11.3.1/thumb/v7e-m+fp/hard/crtbegin.o
 *(.bss*)
 .bss.hpcd_USB_OTG_FS
                0x000000002000009c      0x50c ./Core/Src/main.o
                0x000000002000009c                hpcd_USB_OTG_FS
 .bss.defaultTaskHandle
                0x00000000200005a8        0x4 ./Core/Src/main.o
                0x00000000200005a8                defaultTaskHandle
 .bss.usbDeviceTaskHandle
                0x00000000200005ac        0x4 ./Core/Src/main.o
                0x00000000200005ac                usbDeviceTaskHandle
 .bss.htim1     0x00000000200005b0       0x48 ./Core/Src/stm32f4xx_hal_timebase_tim.o
                0x00000000200005b0                htim1
 .bss._desc_str
                0x00000000200005f8       0x42 ./Core/Src/usb_descriptors.o
 *fill*         0x000000002000063a        0x2 
 .bss.uwTick    0x000000002000063c        0x4 ./Drivers/STM32F4xx_HAL_Driver/Src/stm32f4xx_hal.o
                0x000000002000063c                uwTick
 .bss.KernelState
                0x0000000020000640        0x4 ./Middlewares/Third_Party/FreeRTOS/Source/CMSIS_RTOS_V2/cmsis_os2.o
 .bss.Idle_TCB.3
                0x0000000020000644       0x5c ./Middlewares/Third_Party/FreeRTOS/Source/CMSIS_RTOS_V2/cmsis_os2.o
 .bss.Idle_Stack.2
                0x00000000200006a0      0x200 ./Middlewares/Third_Party/FreeRTOS/Source/CMSIS_RTOS_V2/cmsis_os2.o
 .bss.Timer_TCB.1
                0x00000000200008a0       0x5c ./Middlewares/Third_Party/FreeRTOS/Source/CMSIS_RTOS_V2/cmsis_os2.o
 .bss.Timer_Stack.0
                0x00000000200008fc      0x400 ./Middlewares/Third_Party/FreeRTOS/Source/CMSIS_RTOS_V2/cmsis_os2.o
 .bss.xQueueRegistry
                0x0000000020000cfc       0x40 ./Middlewares/Third_Party/FreeRTOS/Source/queue.o
                0x0000000020000cfc                xQueueRegistry
 .bss.pxCurrentTCB
                0x0000000020000d3c        0x4 ./Middlewares/Third_Party/FreeRTOS/Source/tasks.o
                0x0000000020000d3c                pxCurrentTCB
 .bss.pxReadyTasksLists
                0x0000000020000d40      0x460 ./Middlewares/Third_Party/FreeRTOS/Source/tasks.o
 .bss.xDelayedTaskList1
                0x00000000200011a0       0x14 ./Middlewares/Third_Party/FreeRTOS/Source/tasks.o
 .bss.xDelayedTaskList2
                0x00000000200011b4       0x14 ./Middlewares/Third_Party/FreeRTOS/Source/tasks.o
 .bss.pxDelayedTaskList
                0x00000000200011c8        0x4 ./Middlewares/Third_Party/FreeRTOS/Source/tasks.o
 .bss.pxOverflowDelayedTaskList
                0x00000000200011cc        0x4 ./Middlewares/Third_Party/FreeRTOS/Source/tasks.o
 .bss.xPendingReadyList
                0x00000000200011d0       0x14 ./Middlewares/Third_Party/FreeRTOS/Source/tasks.o
 .bss.xTasksWaitingTermination
                0x00000000200011e4       0x14 ./Middlewares/Third_Party/FreeRTOS/Source/tasks.o
 .bss.uxDeletedTasksWaitingCleanUp
                0x00000000200011f8        0x4 ./Middlewares/Third_Party/FreeRTOS/Source/tasks.o
 .bss.xSuspendedTaskList
                0x00000000200011fc       0x14 ./Middlewares/Third_Party/FreeRTOS/Source/tasks.o
 .bss.uxCurrentNumberOfTasks
                0x0000000020001210        0x4 ./Middlewares/Third_Party/FreeRTOS/Source/tasks.o
 .bss.xTickCount
                0x0000000020001214        0x4 ./Middlewares/Third_Party/FreeRTOS/Source/tasks.o
 .bss.uxTopReadyPriority
                0x0000000020001218        0x4 ./Middlewares/Third_Party/FreeRTOS/Source/tasks.o
 .bss.xSchedulerRunning
                0x000000002000121c        0x4 ./Middlewares/Third_Party/FreeRTOS/Source/tasks.o
 .bss.xPendedTicks
                0x0000000020001220        0x4 ./Middlewares/Third_Party/FreeRTOS/Source/tasks.o
 .bss.xYieldPending
                0x0000000020001224        0x4 ./Middlewares/Third_Party/FreeRTOS/Source/tasks.o
 .bss.xNumOfOverflows
                0x0000000020001228        0x4 ./Middlewares/Third_Party/FreeRTOS/Source/tasks.o
 .bss.uxTaskNumber
                0x000000002000122c        0x4 ./Middlewares/Third_Party/FreeRTOS/Source/tasks.o
 .bss.xNextTaskUnblockTime
                0x0000000020001230        0x4 ./Middlewares/Third_Party/FreeRTOS/Source/tasks.o
 .bss.xIdleTaskHandle
                0x0000000020001234        0x4 ./Middlewares/Third_Party/FreeRTOS/Source/tasks.o
 .bss.uxSchedulerSuspended
                0x0000000020001238        0x4 ./Middlewares/Third_Party/FreeRTOS/Source/tasks.o
 .bss.xActiveTimerList1
                0x000000002000123c       0x14 ./Middlewares/Third_Party/FreeRTOS/Source/timers.o
 .bss.xActiveTimerList2
                0x0000000020001250       0x14 ./Middlewares/Third_Party/FreeRTOS/Source/timers.o
 .bss.pxCurrentTimerList
                0x0000000020001264        0x4 ./Middlewares/Third_Party/FreeRTOS/Source/timers.o
 .bss.pxOverflowTimerList
                0x0000000020001268        0x4 ./Middlewares/Third_Party/FreeRTOS/Source/timers.o
 .bss.xTimerQueue
                0x000000002000126c        0x4 ./Middlewares/Third_Party/FreeRTOS/Source/timers.o
 .bss.xTimerTaskHandle
                0x0000000020001270        0x4 ./Middlewares/Third_Party/FreeRTOS/Source/timers.o
 .bss.xLastTime.2
                0x0000000020001274        0x4 ./Middlewares/Third_Party/FreeRTOS/Source/timers.o
 .bss.ucStaticTimerQueueStorage.1
                0x0000000020001278       0xa0 ./Middlewares/Third_Party/FreeRTOS/Source/timers.o
 .bss.xStaticTimerQueue.0
                0x0000000020001318       0x50 ./Middlewares/Third_Party/FreeRTOS/Source/timers.o
 .bss.ucMaxSysCallPriority
                0x0000000020001368        0x1 ./Middlewares/Third_Party/FreeRTOS/Source/portable/GCC/ARM_CM4F/port.o
 *fill*         0x0000000020001369        0x3 
 .bss.ulMaxPRIGROUPValue
                0x000000002000136c        0x4 ./Middlewares/Third_Party/FreeRTOS/Source/portable/GCC/ARM_CM4F/port.o
 .bss.ucHeap    0x0000000020001370     0x3c00 ./Middlewares/Third_Party/FreeRTOS/Source/portable/MemMang/heap_4.o
 .bss.xStart    0x0000000020004f70        0x8 ./Middlewares/Third_Party/FreeRTOS/Source/portable/MemMang/heap_4.o
 .bss.pxEnd     0x0000000020004f78        0x4 ./Middlewares/Third_Party/FreeRTOS/Source/portable/MemMang/heap_4.o
 .bss.xFreeBytesRemaining
                0x0000000020004f7c        0x4 ./Middlewares/Third_Party/FreeRTOS/Source/portable/MemMang/heap_4.o
 .bss.xMinimumEverFreeBytesRemaining
                0x0000000020004f80        0x4 ./Middlewares/Third_Party/FreeRTOS/Source/portable/MemMang/heap_4.o
 .bss.xNumberOfSuccessfulAllocations
                0x0000000020004f84        0x4 ./Middlewares/Third_Party/FreeRTOS/Source/portable/MemMang/heap_4.o
 .bss.xNumberOfSuccessfulFrees
                0x0000000020004f88        0x4 ./Middlewares/Third_Party/FreeRTOS/Source/portable/MemMang/heap_4.o
 .bss.xBlockAllocatedBit
                0x0000000020004f8c        0x4 ./Middlewares/Third_Party/FreeRTOS/Source/portable/MemMang/heap_4.o
 .bss._midid_itf
                0x0000000020004f90      0x1d8 ./tinyusb/src/class/midi/midi_device.o
                0x0000000020004f90                _midid_itf
 .bss._usbd_dev
                0x0000000020005168       0x2b ./tinyusb/src/device/usbd.o
 *fill*         0x0000000020005193        0x1 
 .bss._app_driver
                0x0000000020005194        0x4 ./tinyusb/src/device/usbd.o
 .bss._app_driver_count
                0x0000000020005198        0x1 ./tinyusb/src/device/usbd.o
 *fill*         0x0000000020005199        0x3 
 .bss._usbd_qdef_buf
                0x000000002000519c       0xc0 ./tinyusb/src/device/usbd.o
 .bss._usbd_q   0x000000002000525c        0x4 ./tinyusb/src/device/usbd.o
 .bss._ubsd_mutexdef
                0x0000000020005260       0x50 ./tinyusb/src/device/usbd.o
 .bss._usbd_mutex
                0x00000000200052b0        0x4 ./tinyusb/src/device/usbd.o
 .bss._ctrl_xfer
                0x00000000200052b4       0x14 ./tinyusb/src/device/usbd_control.o
 .bss._usbd_ctrl_buf
                0x00000000200052c8       0x40 ./tinyusb/src/device/usbd_control.o
 .bss._setup_packet
                0x0000000020005308        0x8 ./tinyusb/src/portable/synopsys/dwc2/dcd_dwc2.o
 .bss.xfer_status
                0x0000000020005310       0xc0 ./tinyusb/src/portable/synopsys/dwc2/dcd_dwc2.o
 .bss.ep0_pending
                0x00000000200053d0        0x4 ./tinyusb/src/portable/synopsys/dwc2/dcd_dwc2.o
 .bss._allocated_fifo_words_tx
                0x00000000200053d4        0x2 ./tinyusb/src/portable/synopsys/dwc2/dcd_dwc2.o
 .bss._out_ep_closed
                0x00000000200053d6        0x1 ./tinyusb/src/portable/synopsys/dwc2/dcd_dwc2.o
 .bss._sof_en   0x00000000200053d7        0x1 ./tinyusb/src/portable/synopsys/dwc2/dcd_dwc2.o
 *(COMMON)
                0x00000000200053d8                . = ALIGN (0x4)
                0x00000000200053d8                _ebss = .
                0x00000000200053d8                __bss_end__ = _ebss

._user_heap_stack
                0x00000000200053d8      0x600 load address 0x000000000800b0c0
                0x00000000200053d8                . = ALIGN (0x8)
                [!provide]                        PROVIDE (end = .)
                0x00000000200053d8                PROVIDE (_end = .)
                0x00000000200055d8                . = (. + _Min_Heap_Size)
 *fill*         0x00000000200053d8      0x200 
                0x00000000200059d8                . = (. + _Min_Stack_Size)
 *fill*         0x00000000200055d8      0x400 
                0x00000000200059d8                . = ALIGN (0x8)

/DISCARD/
 libc.a(*)
 libm.a(*)
 libgcc.a(*)

.ARM.attributes
                0x0000000000000000       0x30
 *(.ARM.attributes)
 .ARM.attributes
                0x0000000000000000       0x1e /opt/st/stm32cubeide_1.13.2/plugins/com.st.stm32cube.ide.mcu.externaltools.gnu-tools-for-stm32.11.3.rel1.linux64_1.1.1.202309131626/tools/bin/../lib/gcc/arm-none-eabi/11.3.1/thumb/v7e-m+fp/hard/crti.o
 .ARM.attributes
                0x000000000000001e       0x34 /opt/st/stm32cubeide_1.13.2/plugins/com.st.stm32cube.ide.mcu.externaltools.gnu-tools-for-stm32.11.3.rel1.linux64_1.1.1.202309131626/tools/bin/../lib/gcc/arm-none-eabi/11.3.1/thumb/v7e-m+fp/hard/crtbegin.o
 .ARM.attributes
                0x0000000000000052       0x34 ./Core/Src/main.o
 .ARM.attributes
                0x0000000000000086       0x34 ./Core/Src/stm32f4xx_hal_msp.o
 .ARM.attributes
                0x00000000000000ba       0x34 ./Core/Src/stm32f4xx_hal_timebase_tim.o
 .ARM.attributes
                0x00000000000000ee       0x34 ./Core/Src/stm32f4xx_it.o
 .ARM.attributes
                0x0000000000000122       0x34 ./Core/Src/system_stm32f4xx.o
 .ARM.attributes
                0x0000000000000156       0x34 ./Core/Src/usb_descriptors.o
 .ARM.attributes
                0x000000000000018a       0x21 ./Core/Startup/startup_stm32f412zgtx.o
 .ARM.attributes
                0x00000000000001ab       0x34 ./Drivers/STM32F4xx_HAL_Driver/Src/stm32f4xx_hal.o
 .ARM.attributes
                0x00000000000001df       0x34 ./Drivers/STM32F4xx_HAL_Driver/Src/stm32f4xx_hal_cortex.o
 .ARM.attributes
                0x0000000000000213       0x34 ./Drivers/STM32F4xx_HAL_Driver/Src/stm32f4xx_hal_gpio.o
 .ARM.attributes
                0x0000000000000247       0x34 ./Drivers/STM32F4xx_HAL_Driver/Src/stm32f4xx_hal_pcd.o
 .ARM.attributes
                0x000000000000027b       0x34 ./Drivers/STM32F4xx_HAL_Driver/Src/stm32f4xx_hal_pcd_ex.o
 .ARM.attributes
                0x00000000000002af       0x34 ./Drivers/STM32F4xx_HAL_Driver/Src/stm32f4xx_hal_rcc.o
 .ARM.attributes
                0x00000000000002e3       0x34 ./Drivers/STM32F4xx_HAL_Driver/Src/stm32f4xx_hal_rcc_ex.o
 .ARM.attributes
                0x0000000000000317       0x34 ./Drivers/STM32F4xx_HAL_Driver/Src/stm32f4xx_hal_tim.o
 .ARM.attributes
                0x000000000000034b       0x34 ./Drivers/STM32F4xx_HAL_Driver/Src/stm32f4xx_hal_tim_ex.o
 .ARM.attributes
                0x000000000000037f       0x34 ./Drivers/STM32F4xx_HAL_Driver/Src/stm32f4xx_ll_usb.o
 .ARM.attributes
                0x00000000000003b3       0x34 ./Middlewares/Third_Party/FreeRTOS/Source/CMSIS_RTOS_V2/cmsis_os2.o
 .ARM.attributes
                0x00000000000003e7       0x34 ./Middlewares/Third_Party/FreeRTOS/Source/list.o
 .ARM.attributes
                0x000000000000041b       0x34 ./Middlewares/Third_Party/FreeRTOS/Source/queue.o
 .ARM.attributes
                0x000000000000044f       0x34 ./Middlewares/Third_Party/FreeRTOS/Source/tasks.o
 .ARM.attributes
                0x0000000000000483       0x34 ./Middlewares/Third_Party/FreeRTOS/Source/timers.o
 .ARM.attributes
                0x00000000000004b7       0x34 ./Middlewares/Third_Party/FreeRTOS/Source/portable/GCC/ARM_CM4F/port.o
 .ARM.attributes
                0x00000000000004eb       0x34 ./Middlewares/Third_Party/FreeRTOS/Source/portable/MemMang/heap_4.o
 .ARM.attributes
                0x000000000000051f       0x34 ./tinyusb/src/class/midi/midi_device.o
 .ARM.attributes
                0x0000000000000553       0x34 ./tinyusb/src/common/tusb_fifo.o
 .ARM.attributes
                0x0000000000000587       0x34 ./tinyusb/src/device/usbd.o
 .ARM.attributes
                0x00000000000005bb       0x34 ./tinyusb/src/device/usbd_control.o
 .ARM.attributes
                0x00000000000005ef       0x34 ./tinyusb/src/portable/synopsys/dwc2/dcd_dwc2.o
 .ARM.attributes
                0x0000000000000623       0x34 ./tinyusb/src/tusb.o
 .ARM.attributes
                0x0000000000000657       0x34 /opt/st/stm32cubeide_1.13.2/plugins/com.st.stm32cube.ide.mcu.externaltools.gnu-tools-for-stm32.11.3.rel1.linux64_1.1.1.202309131626/tools/bin/../lib/gcc/arm-none-eabi/11.3.1/../../../../arm-none-eabi/lib/thumb/v7e-m+fp/hard/libc_nano.a(libc_a-memset.o)
 .ARM.attributes
                0x000000000000068b       0x34 /opt/st/stm32cubeide_1.13.2/plugins/com.st.stm32cube.ide.mcu.externaltools.gnu-tools-for-stm32.11.3.rel1.linux64_1.1.1.202309131626/tools/bin/../lib/gcc/arm-none-eabi/11.3.1/../../../../arm-none-eabi/lib/thumb/v7e-m+fp/hard/libc_nano.a(libc_a-init.o)
 .ARM.attributes
                0x00000000000006bf       0x34 /opt/st/stm32cubeide_1.13.2/plugins/com.st.stm32cube.ide.mcu.externaltools.gnu-tools-for-stm32.11.3.rel1.linux64_1.1.1.202309131626/tools/bin/../lib/gcc/arm-none-eabi/11.3.1/../../../../arm-none-eabi/lib/thumb/v7e-m+fp/hard/libc_nano.a(libc_a-memcpy-stub.o)
 .ARM.attributes
                0x00000000000006f3       0x17 /opt/st/stm32cubeide_1.13.2/plugins/com.st.stm32cube.ide.mcu.externaltools.gnu-tools-for-stm32.11.3.rel1.linux64_1.1.1.202309131626/tools/bin/../lib/gcc/arm-none-eabi/11.3.1/../../../../arm-none-eabi/lib/thumb/v7e-m+fp/hard/libc_nano.a(libc_a-strlen.o)
 .ARM.attributes
                0x000000000000070a       0x1e /opt/st/stm32cubeide_1.13.2/plugins/com.st.stm32cube.ide.mcu.externaltools.gnu-tools-for-stm32.11.3.rel1.linux64_1.1.1.202309131626/tools/bin/../lib/gcc/arm-none-eabi/11.3.1/thumb/v7e-m+fp/hard/libgcc.a(_aeabi_uldivmod.o)
 .ARM.attributes
                0x0000000000000728       0x34 /opt/st/stm32cubeide_1.13.2/plugins/com.st.stm32cube.ide.mcu.externaltools.gnu-tools-for-stm32.11.3.rel1.linux64_1.1.1.202309131626/tools/bin/../lib/gcc/arm-none-eabi/11.3.1/thumb/v7e-m+fp/hard/libgcc.a(_udivmoddi4.o)
 .ARM.attributes
                0x000000000000075c       0x1e /opt/st/stm32cubeide_1.13.2/plugins/com.st.stm32cube.ide.mcu.externaltools.gnu-tools-for-stm32.11.3.rel1.linux64_1.1.1.202309131626/tools/bin/../lib/gcc/arm-none-eabi/11.3.1/thumb/v7e-m+fp/hard/libgcc.a(_dvmd_tls.o)
 .ARM.attributes
                0x000000000000077a       0x1e /opt/st/stm32cubeide_1.13.2/plugins/com.st.stm32cube.ide.mcu.externaltools.gnu-tools-for-stm32.11.3.rel1.linux64_1.1.1.202309131626/tools/bin/../lib/gcc/arm-none-eabi/11.3.1/thumb/v7e-m+fp/hard/crtn.o
OUTPUT(STM-Midi-Firmware.elf elf32-littlearm)
LOAD linker stubs
LOAD /opt/st/stm32cubeide_1.13.2/plugins/com.st.stm32cube.ide.mcu.externaltools.gnu-tools-for-stm32.11.3.rel1.linux64_1.1.1.202309131626/tools/bin/../lib/gcc/arm-none-eabi/11.3.1/../../../../arm-none-eabi/lib/thumb/v7e-m+fp/hard/libc.a
LOAD /opt/st/stm32cubeide_1.13.2/plugins/com.st.stm32cube.ide.mcu.externaltools.gnu-tools-for-stm32.11.3.rel1.linux64_1.1.1.202309131626/tools/bin/../lib/gcc/arm-none-eabi/11.3.1/../../../../arm-none-eabi/lib/thumb/v7e-m+fp/hard/libm.a
LOAD /opt/st/stm32cubeide_1.13.2/plugins/com.st.stm32cube.ide.mcu.externaltools.gnu-tools-for-stm32.11.3.rel1.linux64_1.1.1.202309131626/tools/bin/../lib/gcc/arm-none-eabi/11.3.1/thumb/v7e-m+fp/hard/libgcc.a

.comment        0x0000000000000000       0x43
 .comment       0x0000000000000000       0x43 /opt/st/stm32cubeide_1.13.2/plugins/com.st.stm32cube.ide.mcu.externaltools.gnu-tools-for-stm32.11.3.rel1.linux64_1.1.1.202309131626/tools/bin/../lib/gcc/arm-none-eabi/11.3.1/thumb/v7e-m+fp/hard/crtbegin.o
                                         0x44 (size before relaxing)
 .comment       0x0000000000000043       0x44 ./Core/Src/main.o
 .comment       0x0000000000000043       0x44 ./Core/Src/stm32f4xx_hal_msp.o
 .comment       0x0000000000000043       0x44 ./Core/Src/stm32f4xx_hal_timebase_tim.o
 .comment       0x0000000000000043       0x44 ./Core/Src/stm32f4xx_it.o
 .comment       0x0000000000000043       0x44 ./Core/Src/system_stm32f4xx.o
 .comment       0x0000000000000043       0x44 ./Core/Src/usb_descriptors.o
 .comment       0x0000000000000043       0x44 ./Drivers/STM32F4xx_HAL_Driver/Src/stm32f4xx_hal.o
 .comment       0x0000000000000043       0x44 ./Drivers/STM32F4xx_HAL_Driver/Src/stm32f4xx_hal_cortex.o
 .comment       0x0000000000000043       0x44 ./Drivers/STM32F4xx_HAL_Driver/Src/stm32f4xx_hal_gpio.o
 .comment       0x0000000000000043       0x44 ./Drivers/STM32F4xx_HAL_Driver/Src/stm32f4xx_hal_pcd.o
 .comment       0x0000000000000043       0x44 ./Drivers/STM32F4xx_HAL_Driver/Src/stm32f4xx_hal_pcd_ex.o
 .comment       0x0000000000000043       0x44 ./Drivers/STM32F4xx_HAL_Driver/Src/stm32f4xx_hal_rcc.o
 .comment       0x0000000000000043       0x44 ./Drivers/STM32F4xx_HAL_Driver/Src/stm32f4xx_hal_rcc_ex.o
 .comment       0x0000000000000043       0x44 ./Drivers/STM32F4xx_HAL_Driver/Src/stm32f4xx_hal_tim.o
 .comment       0x0000000000000043       0x44 ./Drivers/STM32F4xx_HAL_Driver/Src/stm32f4xx_hal_tim_ex.o
 .comment       0x0000000000000043       0x44 ./Drivers/STM32F4xx_HAL_Driver/Src/stm32f4xx_ll_usb.o
 .comment       0x0000000000000043       0x44 ./Middlewares/Third_Party/FreeRTOS/Source/CMSIS_RTOS_V2/cmsis_os2.o
 .comment       0x0000000000000043       0x44 ./Middlewares/Third_Party/FreeRTOS/Source/list.o
 .comment       0x0000000000000043       0x44 ./Middlewares/Third_Party/FreeRTOS/Source/queue.o
 .comment       0x0000000000000043       0x44 ./Middlewares/Third_Party/FreeRTOS/Source/tasks.o
 .comment       0x0000000000000043       0x44 ./Middlewares/Third_Party/FreeRTOS/Source/timers.o
 .comment       0x0000000000000043       0x44 ./Middlewares/Third_Party/FreeRTOS/Source/portable/GCC/ARM_CM4F/port.o
 .comment       0x0000000000000043       0x44 ./Middlewares/Third_Party/FreeRTOS/Source/portable/MemMang/heap_4.o
 .comment       0x0000000000000043       0x44 ./tinyusb/src/class/midi/midi_device.o
 .comment       0x0000000000000043       0x44 ./tinyusb/src/common/tusb_fifo.o
 .comment       0x0000000000000043       0x44 ./tinyusb/src/device/usbd.o
 .comment       0x0000000000000043       0x44 ./tinyusb/src/device/usbd_control.o
 .comment       0x0000000000000043       0x44 ./tinyusb/src/portable/synopsys/dwc2/dcd_dwc2.o
 .comment       0x0000000000000043       0x44 ./tinyusb/src/tusb.o

.debug_info     0x0000000000000000    0x22bc5
 .debug_info    0x0000000000000000     0x1a5f ./Core/Src/main.o
 .debug_info    0x0000000000001a5f      0xd64 ./Core/Src/stm32f4xx_hal_msp.o
 .debug_info    0x00000000000027c3      0xc06 ./Core/Src/stm32f4xx_hal_timebase_tim.o
 .debug_info    0x00000000000033c9      0x74b ./Core/Src/stm32f4xx_it.o
 .debug_info    0x0000000000003b14      0x54a ./Core/Src/system_stm32f4xx.o
 .debug_info    0x000000000000405e      0x6bf ./Core/Src/usb_descriptors.o
 .debug_info    0x000000000000471d       0x23 ./Core/Startup/startup_stm32f412zgtx.o
 .debug_info    0x0000000000004740      0x96e ./Drivers/STM32F4xx_HAL_Driver/Src/stm32f4xx_hal.o
 .debug_info    0x00000000000050ae      0xd34 ./Drivers/STM32F4xx_HAL_Driver/Src/stm32f4xx_hal_cortex.o
 .debug_info    0x0000000000005de2      0x70b ./Drivers/STM32F4xx_HAL_Driver/Src/stm32f4xx_hal_gpio.o
 .debug_info    0x00000000000064ed     0x15b5 ./Drivers/STM32F4xx_HAL_Driver/Src/stm32f4xx_hal_pcd.o
 .debug_info    0x0000000000007aa2      0x86d ./Drivers/STM32F4xx_HAL_Driver/Src/stm32f4xx_hal_pcd_ex.o
 .debug_info    0x000000000000830f      0x8ed ./Drivers/STM32F4xx_HAL_Driver/Src/stm32f4xx_hal_rcc.o
 .debug_info    0x0000000000008bfc      0x7bd ./Drivers/STM32F4xx_HAL_Driver/Src/stm32f4xx_hal_rcc_ex.o
 .debug_info    0x00000000000093b9     0x2948 ./Drivers/STM32F4xx_HAL_Driver/Src/stm32f4xx_hal_tim.o
 .debug_info    0x000000000000bd01     0x14ae ./Drivers/STM32F4xx_HAL_Driver/Src/stm32f4xx_hal_tim_ex.o
 .debug_info    0x000000000000d1af     0x1954 ./Drivers/STM32F4xx_HAL_Driver/Src/stm32f4xx_ll_usb.o
 .debug_info    0x000000000000eb03     0x3a5c ./Middlewares/Third_Party/FreeRTOS/Source/CMSIS_RTOS_V2/cmsis_os2.o
 .debug_info    0x000000000001255f      0x2af ./Middlewares/Third_Party/FreeRTOS/Source/list.o
 .debug_info    0x000000000001280e     0x1b79 ./Middlewares/Third_Party/FreeRTOS/Source/queue.o
 .debug_info    0x0000000000014387     0x21ec ./Middlewares/Third_Party/FreeRTOS/Source/tasks.o
 .debug_info    0x0000000000016573     0x1488 ./Middlewares/Third_Party/FreeRTOS/Source/timers.o
 .debug_info    0x00000000000179fb      0x4de ./Middlewares/Third_Party/FreeRTOS/Source/portable/GCC/ARM_CM4F/port.o
 .debug_info    0x0000000000017ed9      0x4d5 ./Middlewares/Third_Party/FreeRTOS/Source/portable/MemMang/heap_4.o
 .debug_info    0x00000000000183ae     0x14e5 ./tinyusb/src/class/midi/midi_device.o
 .debug_info    0x0000000000019893     0x1f22 ./tinyusb/src/common/tusb_fifo.o
 .debug_info    0x000000000001b7b5     0x2d72 ./tinyusb/src/device/usbd.o
 .debug_info    0x000000000001e527      0x6ff ./tinyusb/src/device/usbd_control.o
 .debug_info    0x000000000001ec26     0x2b4c ./tinyusb/src/portable/synopsys/dwc2/dcd_dwc2.o
 .debug_info    0x0000000000021772     0x1453 ./tinyusb/src/tusb.o

.debug_abbrev   0x0000000000000000     0x527e
 .debug_abbrev  0x0000000000000000      0x371 ./Core/Src/main.o
 .debug_abbrev  0x0000000000000371      0x213 ./Core/Src/stm32f4xx_hal_msp.o
 .debug_abbrev  0x0000000000000584      0x1f4 ./Core/Src/stm32f4xx_hal_timebase_tim.o
 .debug_abbrev  0x0000000000000778      0x194 ./Core/Src/stm32f4xx_it.o
 .debug_abbrev  0x000000000000090c      0x11a ./Core/Src/system_stm32f4xx.o
 .debug_abbrev  0x0000000000000a26      0x1bf ./Core/Src/usb_descriptors.o
 .debug_abbrev  0x0000000000000be5       0x12 ./Core/Startup/startup_stm32f412zgtx.o
 .debug_abbrev  0x0000000000000bf7      0x213 ./Drivers/STM32F4xx_HAL_Driver/Src/stm32f4xx_hal.o
 .debug_abbrev  0x0000000000000e0a      0x327 ./Drivers/STM32F4xx_HAL_Driver/Src/stm32f4xx_hal_cortex.o
 .debug_abbrev  0x0000000000001131      0x1d4 ./Drivers/STM32F4xx_HAL_Driver/Src/stm32f4xx_hal_gpio.o
 .debug_abbrev  0x0000000000001305      0x2e7 ./Drivers/STM32F4xx_HAL_Driver/Src/stm32f4xx_hal_pcd.o
 .debug_abbrev  0x00000000000015ec      0x256 ./Drivers/STM32F4xx_HAL_Driver/Src/stm32f4xx_hal_pcd_ex.o
 .debug_abbrev  0x0000000000001842      0x2b6 ./Drivers/STM32F4xx_HAL_Driver/Src/stm32f4xx_hal_rcc.o
 .debug_abbrev  0x0000000000001af8      0x1e4 ./Drivers/STM32F4xx_HAL_Driver/Src/stm32f4xx_hal_rcc_ex.o
 .debug_abbrev  0x0000000000001cdc      0x271 ./Drivers/STM32F4xx_HAL_Driver/Src/stm32f4xx_hal_tim.o
 .debug_abbrev  0x0000000000001f4d      0x27c ./Drivers/STM32F4xx_HAL_Driver/Src/stm32f4xx_hal_tim_ex.o
 .debug_abbrev  0x00000000000021c9      0x2ac ./Drivers/STM32F4xx_HAL_Driver/Src/stm32f4xx_ll_usb.o
 .debug_abbrev  0x0000000000002475      0x520 ./Middlewares/Third_Party/FreeRTOS/Source/CMSIS_RTOS_V2/cmsis_os2.o
 .debug_abbrev  0x0000000000002995       0xf5 ./Middlewares/Third_Party/FreeRTOS/Source/list.o
 .debug_abbrev  0x0000000000002a8a      0x3b6 ./Middlewares/Third_Party/FreeRTOS/Source/queue.o
 .debug_abbrev  0x0000000000002e40      0x386 ./Middlewares/Third_Party/FreeRTOS/Source/tasks.o
 .debug_abbrev  0x00000000000031c6      0x352 ./Middlewares/Third_Party/FreeRTOS/Source/timers.o
 .debug_abbrev  0x0000000000003518      0x25c ./Middlewares/Third_Party/FreeRTOS/Source/portable/GCC/ARM_CM4F/port.o
 .debug_abbrev  0x0000000000003774      0x21d ./Middlewares/Third_Party/FreeRTOS/Source/portable/MemMang/heap_4.o
 .debug_abbrev  0x0000000000003991      0x465 ./tinyusb/src/class/midi/midi_device.o
 .debug_abbrev  0x0000000000003df6      0x3a2 ./tinyusb/src/common/tusb_fifo.o
 .debug_abbrev  0x0000000000004198      0x4f2 ./tinyusb/src/device/usbd.o
 .debug_abbrev  0x000000000000468a      0x2cb ./tinyusb/src/device/usbd_control.o
 .debug_abbrev  0x0000000000004955      0x52c ./tinyusb/src/portable/synopsys/dwc2/dcd_dwc2.o
 .debug_abbrev  0x0000000000004e81      0x3fd ./tinyusb/src/tusb.o

.debug_aranges  0x0000000000000000     0x1a78
 .debug_aranges
                0x0000000000000000       0x60 ./Core/Src/main.o
 .debug_aranges
                0x0000000000000060       0x30 ./Core/Src/stm32f4xx_hal_msp.o
 .debug_aranges
                0x0000000000000090       0x30 ./Core/Src/stm32f4xx_hal_timebase_tim.o
 .debug_aranges
                0x00000000000000c0       0x70 ./Core/Src/stm32f4xx_it.o
 .debug_aranges
                0x0000000000000130       0x28 ./Core/Src/system_stm32f4xx.o
 .debug_aranges
                0x0000000000000158       0x38 ./Core/Src/usb_descriptors.o
 .debug_aranges
                0x0000000000000190       0x28 ./Core/Startup/startup_stm32f412zgtx.o
 .debug_aranges
                0x00000000000001b8       0xf0 ./Drivers/STM32F4xx_HAL_Driver/Src/stm32f4xx_hal.o
 .debug_aranges