../tinyusb/src/class/midi/midi_device.c:87:6:tud_midi_n_mounted	24	static
../tinyusb/src/class/midi/midi_device.c:93:13:_prep_out_transaction	24	static
../tinyusb/src/class/midi/midi_device.c:122:10:tud_midi_n_available	24	static
../tinyusb/src/class/midi/midi_device.c:133:10:tud_midi_n_stream_read	72	static
../tinyusb/src/class/midi/midi_device.c:203:6:tud_midi_n_packet_read	24	static
../tinyusb/src/class/midi/midi_device.c:217:17:write_flush	24	static,ignoring_inline_asm
../tinyusb/src/class/midi/midi_device.c:241:10:tud_midi_n_stream_write	56	static,ignoring_inline_asm
../tinyusb/src/class/midi/midi_device.c:360:6:tud_midi_n_packet_write	24	static
../tinyusb/src/class/midi/midi_device.c:376:6:midid_init	64	static
../tinyusb/src/class/midi/midi_device.c:395:6:midid_reset	24	static
../tinyusb/src/class/midi/midi_device.c:408:10:midid_open	128	static,ignoring_inline_asm
../tinyusb/src/class/midi/midi_device.c:488:6:midid_control_xfer_cb	16	static
../tinyusb/src/class/midi/midi_device.c:498:6:midid_xfer_cb	32	static,ignoring_inline_asm
